###############################################################################
#
# IAR ELF Linker V2.20.1.176 for STM8                     29/Dec/2017  20:52:42
# Copyright 2010-2015 IAR Systems AB.
#
#    Output file  =  F:\Project\chargeBoxForStm8s\Release\Exe\cbox.out
#    Map file     =  F:\Project\chargeBoxForStm8s\Release\List\cbox.map
#    Command line =  
#        F:\Project\chargeBoxForStm8s\Release\Obj\bsp.o
#        F:\Project\chargeBoxForStm8s\Release\Obj\delay.o
#        F:\Project\chargeBoxForStm8s\Release\Obj\Display.o
#        F:\Project\chargeBoxForStm8s\Release\Obj\key.o
#        F:\Project\chargeBoxForStm8s\Release\Obj\led.o
#        F:\Project\chargeBoxForStm8s\Release\Obj\main.o
#        F:\Project\chargeBoxForStm8s\Release\Obj\stm8s_adc1.o
#        F:\Project\chargeBoxForStm8s\Release\Obj\stm8s_awu.o
#        F:\Project\chargeBoxForStm8s\Release\Obj\stm8s_beep.o
#        F:\Project\chargeBoxForStm8s\Release\Obj\stm8s_clk.o
#        F:\Project\chargeBoxForStm8s\Release\Obj\stm8s_exti.o
#        F:\Project\chargeBoxForStm8s\Release\Obj\stm8s_flash.o
#        F:\Project\chargeBoxForStm8s\Release\Obj\stm8s_gpio.o
#        F:\Project\chargeBoxForStm8s\Release\Obj\stm8s_i2c.o
#        F:\Project\chargeBoxForStm8s\Release\Obj\stm8s_it.o
#        F:\Project\chargeBoxForStm8s\Release\Obj\stm8s_itc.o
#        F:\Project\chargeBoxForStm8s\Release\Obj\stm8s_iwdg.o
#        F:\Project\chargeBoxForStm8s\Release\Obj\stm8s_rst.o
#        F:\Project\chargeBoxForStm8s\Release\Obj\stm8s_spi.o
#        F:\Project\chargeBoxForStm8s\Release\Obj\stm8s_tim1.o
#        F:\Project\chargeBoxForStm8s\Release\Obj\stm8s_tim2.o
#        F:\Project\chargeBoxForStm8s\Release\Obj\stm8s_tim4.o
#        F:\Project\chargeBoxForStm8s\Release\Obj\stm8s_uart1.o
#        F:\Project\chargeBoxForStm8s\Release\Obj\stm8s_wwdg.o
#        F:\Project\chargeBoxForStm8s\Release\Obj\test.o --redirect
#        _Printf=_PrintfSmall --redirect _Scanf=_ScanfSmall -o
#        F:\Project\chargeBoxForStm8s\Release\Exe\cbox.out --map
#        F:\Project\chargeBoxForStm8s\Release\List\cbox.map --config
#        "H:\Program Files (x86)\IAR Systems\Embedded Workbench
#        7.3\stm8\config\lnkstm8s003f3.icf" --config_def _CSTACK_SIZE=0x100
#        --config_def _HEAP_SIZE=0x100 --entry __iar_program_start
#
###############################################################################

*******************************************************************************
*** RUNTIME MODEL ATTRIBUTES
***

__SystemLibrary            = DLib
__code_model               = small
__core                     = stm8
__data_model               = medium
__dlib_file_descriptor     = 0
__dlib_full_locale_support = 0
__rt_version               = 4


*******************************************************************************
*** PLACEMENT SUMMARY
***

"A1":  place at start of [0x000000-0x0000ff] { rw section .vregs };
"A2":  place at end of [0x000000-0x0003ff] { block CSTACK };
"P2":  place in [from 0x000000 to 0x0003ff] {
          block HEAP, rw section __DLIB_PERTHREAD, rw section .far.bss,
          rw section .far.data, rw section .far.noinit,
          rw section .far_func.textrw, rw section .huge.bss,
          rw section .huge.data, rw section .huge.noinit,
          rw section .huge_func.textrw, rw section .iar.dynexit,
          rw section .near.bss, rw section .near.data, rw section .near.noinit,
          rw section .near_func.textrw };
"A3":  place at start of [0x008000-0x009fff] { block INTVEC };
"P3":  place in [from 0x008000 to 0x009fff] {
          ro section __DLIB_PERTHREAD_init, ro section .far.data_init,
          ro section .far_func.textrw_init, ro section .huge.data_init,
          ro section .huge_func.textrw_init, ro section .iar.init_table,
          ro section .init_array, ro section .near.data_init,
          ro section .near.rodata, ro section .near_func.text,
          ro section .near_func.textrw_init, ro section .tiny.data_init,
          ro section .tiny.rodata_init };

  Section            Kind      Address   Size  Object
  -------            ----      -------   ----  ------
"A1":                                     0xc
  .vregs             uninit   0x000000    0xc  vregs.o [4]
                            - 0x00000c    0xc

"P2":                                    0x1f
  P2-1                        0x00000c   0x1f  <Init block>
    .near.data       inited   0x00000c    0xa  bsp.o [1]
    .near.data       inited   0x000016    0xa  Display.o [1]
    .near.bss        inited   0x000020    0x4  Display.o [1]
    .near.bss        inited   0x000024    0x1  Display.o [1]
    .near.bss        inited   0x000025    0x1  key.o [1]
    .near.bss        inited   0x000026    0x1  key.o [1]
    .near.bss        inited   0x000027    0x2  main.o [1]
    .near.bss        inited   0x000029    0x1  test.o [1]
    .near.bss        inited   0x00002a    0x1  test.o [1]
                            - 0x00002b   0x1f

"A2":                                   0x100
  CSTACK                      0x000300  0x100  <Block>
    CSTACK           uninit   0x000300  0x100  <Block tail>
                            - 0x000400  0x100

"A3":                                    0x80
  INTVEC                      0x008000   0x80  <Block>
    .intvec          const    0x008000   0x80  interrupt.o [4]
                            - 0x008080   0x80

"P3":                                   0x9ad
  .near_func.text    ro code  0x008080  0x127  bsp.o [1]
  .near_func.text    ro code  0x0081a7   0xb3  stm8s_gpio.o [1]
  .near_func.text    ro code  0x00825a   0xa6  stm8s_adc1.o [1]
  .near_func.text    ro code  0x008300   0x94  bsp.o [1]
  .near_func.text    ro code  0x008394   0x8c  stm8s_adc1.o [1]
  .near_func.text    ro code  0x008420   0x8a  Display.o [1]
  .near_func.text    ro code  0x0084aa   0x71  stm8s_adc1.o [1]
  .near_func.text    ro code  0x00851b   0x70  stm8s_adc1.o [1]
  .near_func.text    ro code  0x00858b   0x64  vreg_util.o [4]
  .near_func.text    ro code  0x0085ef   0x4e  test.o [1]
  .near_func.text    ro code  0x00863d   0x3d  stm8s_adc1.o [1]
  .near_func.text    ro code  0x00867a   0x39  stm8s_adc1.o [1]
  .near_func.text    ro code  0x0086b3   0x35  key.o [1]
  .near_func.text    ro code  0x0086e8   0x33  Display.o [1]
  .near.rodata       const    0x00871b   0x32  stm8s_adc1.o [1]
  .near.rodata       const    0x00874d   0x32  stm8s_gpio.o [1]
  .near.rodata       const    0x00877f   0x31  stm8s_clk.o [1]
  .near_func.text    ro code  0x0087b0   0x31  bsp.o [1]
  .near_func.text    ro code  0x0087e1   0x31  stm8s_adc1.o [1]
  .near_func.text    ro code  0x008812   0x28  init_small.o [4]
  .near_func.text    ro code  0x00883a   0x26  stm8s_clk.o [1]
  .iar.init_table    const    0x008860    0xa  - Linker created -
  Initializer bytes  const    0x00886a   0x1f  <for P2-1>
  .near_func.text    ro code  0x008889   0x1c  main.o [1]
  .near_func.text    ro code  0x0088a5   0x19  Display.o [1]
  .near_func.text    ro code  0x0088be   0x19  Display.o [1]
  .near_func.text    ro code  0x0088d7   0x17  init.o [4]
  .near_func.text    ro code  0x0088ee   0x16  stm8s_adc1.o [1]
  .near_func.text    ro code  0x008904   0x13  cstartup.o [4]
  .near_func.text    ro code  0x008917   0x12  delay.o [1]
  .near_func.text    ro code  0x008929   0x11  bsp.o [1]
  .near_func.text    ro code  0x00893a    0xf  short.o [4]
  .near_func.text    ro code  0x008949    0xc  key.o [1]
  .near_func.text    ro code  0x008955    0xb  stm8s_adc1.o [1]
  .near_func.text    ro code  0x008960    0xb  stm8s_adc1.o [1]
  .near_func.text    ro code  0x00896b    0xb  stm8s_adc1.o [1]
  .near_func.text    ro code  0x008976    0xb  stm8s_clk.o [1]
  .near_func.text    ro code  0x008981    0xb  stm8s_clk.o [1]
  .near_func.text    ro code  0x00898c    0xb  stm8s_gpio.o [1]
  .near_func.text    ro code  0x008997    0x9  bsp.o [1]
  .near_func.text    ro code  0x0089a0    0x9  delay.o [1]
  .near_func.text    ro code  0x0089a9    0x9  delay.o [1]
  .near_func.text    ro code  0x0089b2    0x9  Display.o [1]
  .near_func.text    ro code  0x0089bb    0x9  stm8s_adc1.o [1]
  .near_func.text    ro code  0x0089c4    0x8  stm8s_adc1.o [1]
  .near_func.text    ro code  0x0089cc    0x7  stm8s_adc1.o [1]
  .near_func.text    ro code  0x0089d3    0x7  stm8s_adc1.o [1]
  .near_func.text    ro code  0x0089da    0x7  stm8s_adc1.o [1]
  .near_func.text    ro code  0x0089e1    0x7  stm8s_gpio.o [1]
  .near_func.text    ro code  0x0089e8    0x7  stm8s_gpio.o [1]
  .near_func.text    ro code  0x0089ef    0x6  bsp.o [1]
  .near_func.text    ro code  0x0089f5    0x6  bsp.o [1]
  .near_func.text    ro code  0x0089fb    0x5  stm8s_adc1.o [1]
  .near_func.text    ro code  0x008a00    0x5  cexit.o [4]
  .near_func.text    ro code  0x008a05    0x4  stm8s_gpio.o [1]
  .near_func.text    ro code  0x008a09    0x3  interrupt.o [4]
  .near_func.text    ro code  0x008a0c    0x3  low_level_init.o [4]
  .near_func.text    ro code  0x008a0f    0x3  exit.o [4]
  .near_func.text    ro code  0x008a12    0x3  unhandled_exception.o [4]
  .near_func.text    ro code  0x008a15    0x2  main.o [1]
  .near_func.text    ro code  0x008a17    0x2  xxexit.o [3]
  .near_func.text    ro code  0x008a19    0x1  stm8s_it.o [1]
  .near_func.text    ro code  0x008a1a    0x1  stm8s_it.o [1]
  .near_func.text    ro code  0x008a1b    0x1  stm8s_it.o [1]
  .near_func.text    ro code  0x008a1c    0x1  stm8s_it.o [1]
  .near_func.text    ro code  0x008a1d    0x1  stm8s_it.o [1]
  .near_func.text    ro code  0x008a1e    0x1  stm8s_it.o [1]
  .near_func.text    ro code  0x008a1f    0x1  stm8s_it.o [1]
  .near_func.text    ro code  0x008a20    0x1  stm8s_it.o [1]
  .near_func.text    ro code  0x008a21    0x1  stm8s_it.o [1]
  .near_func.text    ro code  0x008a22    0x1  stm8s_it.o [1]
  .near_func.text    ro code  0x008a23    0x1  stm8s_it.o [1]
  .near_func.text    ro code  0x008a24    0x1  stm8s_it.o [1]
  .near_func.text    ro code  0x008a25    0x1  stm8s_it.o [1]
  .near_func.text    ro code  0x008a26    0x1  stm8s_it.o [1]
  .near_func.text    ro code  0x008a27    0x1  stm8s_it.o [1]
  .near_func.text    ro code  0x008a28    0x1  stm8s_it.o [1]
  .near_func.text    ro code  0x008a29    0x1  stm8s_it.o [1]
  .near_func.text    ro code  0x008a2a    0x1  stm8s_it.o [1]
  .near_func.text    ro code  0x008a2b    0x1  stm8s_it.o [1]
  .near_func.text    ro code  0x008a2c    0x1  stm8s_it.o [1]
                            - 0x008a2d  0x9ad


*******************************************************************************
*** INIT TABLE
***

          Address   Size
          -------   ----
Copy (__iar_copy_init2)
    1 source range, total size 0x1f:
          0x00886a  0x1f
    1 destination range, total size 0x1f:
          0x00000c  0x1f



*******************************************************************************
*** MODULE SUMMARY
***

    Module                 ro code  ro data  rw data
    ------                 -------  -------  -------
F:\Project\chargeBoxForStm8s\Release\Obj: [1]
    Display.o                  248       15       15
    bsp.o                      530       10       10
    delay.o                     36
    key.o                       65        2        2
    main.o                      30        2        2
    stm8s_adc1.o               796       50
    stm8s_clk.o                 60       49
    stm8s_gpio.o               208       50
    stm8s_it.o                  20
    test.o                      78        2        2
    ------------------------------------------------
    Total:                   2 071      180       31

command line: [2]
    ------------------------------------------------
    Total:

dbgstm8smn.a: [3]
    xxexit.o                     2
    ------------------------------------------------
    Total:                       2

dlstm8smn.a: [4]
    cexit.o                      5
    cstartup.o                  19
    exit.o                       3
    init.o                      23
    init_small.o                40
    interrupt.o                  3      128
    low_level_init.o             3
    short.o                     15
    unhandled_exception.o        3
    vreg_util.o                100
    vregs.o                                       12
    ------------------------------------------------
    Total:                     214      128       12

    Linker created                       10      256
----------------------------------------------------
    Grand Total:             2 287      318      299


*******************************************************************************
*** ENTRY LIST
***

Entry                    Address  Size  Type      Object
-----                    -------  ----  ----      ------
.iar.init_table$$Base   0x008860         --   Gb  - Linker created -
.iar.init_table$$Limit  0x00886a         --   Gb  - Linker created -
?b0                     0x000000        Data  Gb  vregs.o [4]
?b1                     0x000001        Data  Gb  vregs.o [4]
?b10                    0x00000a        Data  Gb  vregs.o [4]
?b11                    0x00000b        Data  Gb  vregs.o [4]
?b2                     0x000002        Data  Gb  vregs.o [4]
?b3                     0x000003        Data  Gb  vregs.o [4]
?b4                     0x000004        Data  Gb  vregs.o [4]
?b5                     0x000005        Data  Gb  vregs.o [4]
?b6                     0x000006        Data  Gb  vregs.o [4]
?b7                     0x000007        Data  Gb  vregs.o [4]
?b8                     0x000008        Data  Gb  vregs.o [4]
?b9                     0x000009        Data  Gb  vregs.o [4]
?e0                     0x000001        Data  Gb  vregs.o [4]
?e1                     0x000005        Data  Gb  vregs.o [4]
?e2                     0x000009        Data  Gb  vregs.o [4]
?epilogue_l2            0x0085e7        Code  Gb  vreg_util.o [4]
?epilogue_w4            0x0085eb        Code  Gb  vreg_util.o [4]
?l0                     0x000000        Data  Gb  vregs.o [4]
?l1                     0x000004        Data  Gb  vregs.o [4]
?l2                     0x000008        Data  Gb  vregs.o [4]
?pop_l2                 0x0085d4        Code  Gb  vreg_util.o [4]
?pop_w4                 0x0085a3        Code  Gb  vreg_util.o [4]
?push_l2                0x0085b2        Code  Gb  vreg_util.o [4]
?push_w4                0x00858b        Code  Gb  vreg_util.o [4]
?sll16_x_x_4            0x008944        Code  Gb  short.o [4]
?sll16_x_x_5            0x008943        Code  Gb  short.o [4]
?sll16_x_x_6            0x008942        Code  Gb  short.o [4]
?sll16_x_x_a            0x00893a        Code  Gb  short.o [4]
?w0                     0x000000        Data  Gb  vregs.o [4]
?w1                     0x000002        Data  Gb  vregs.o [4]
?w2                     0x000004        Data  Gb  vregs.o [4]
?w3                     0x000006        Data  Gb  vregs.o [4]
?w4                     0x000008        Data  Gb  vregs.o [4]
?w5                     0x00000a        Data  Gb  vregs.o [4]
ADC1_ClearFlag          0x0084aa  0x71  Code  Gb  stm8s_adc1.o [1]
ADC1_Cmd                0x0088ee  0x16  Code  Gb  stm8s_adc1.o [1]
ADC1_ConversionConfig   0x008394  0x8c  Code  Gb  stm8s_adc1.o [1]
ADC1_DeInit             0x0087e1  0x31  Code  Gb  stm8s_adc1.o [1]
ADC1_GetConversionValue
                        0x00867a  0x39  Code  Gb  stm8s_adc1.o [1]
ADC1_GetFlagStatus      0x00851b  0x70  Code  Gb  stm8s_adc1.o [1]
ADC1_IRQHandler         0x008a2a   0x1  Code  Gb  stm8s_it.o [1]
ADC1_PrescalerConfig    0x00863d  0x3d  Code  Gb  stm8s_adc1.o [1]
ADC1_SchmittTriggerConfig
                        0x00825a  0xa6  Code  Gb  stm8s_adc1.o [1]
ADC1_StartConversion    0x0089fb   0x5  Code  Gb  stm8s_adc1.o [1]
AWU_IRQHandler          0x008a1b   0x1  Code  Gb  stm8s_it.o [1]
CLK_HSIPrescalerConfig  0x00883a  0x26  Code  Gb  stm8s_clk.o [1]
CLK_IRQHandler          0x008a1c   0x1  Code  Gb  stm8s_it.o [1]
CODE                    0x00000c   0xa  Data  Gb  bsp.o [1]
CSTACK$$Base            0x000300         --   Gb  - Linker created -
CSTACK$$Limit           0x000400         --   Gb  - Linker created -
EEPROM_EEC_IRQHandler   0x008a2c   0x1  Code  Gb  stm8s_it.o [1]
EXTI_PORTA_IRQHandler   0x008a1d   0x1  Code  Gb  stm8s_it.o [1]
EXTI_PORTB_IRQHandler   0x008a1e   0x1  Code  Gb  stm8s_it.o [1]
EXTI_PORTC_IRQHandler   0x008a1f   0x1  Code  Gb  stm8s_it.o [1]
EXTI_PORTD_IRQHandler   0x008a20   0x1  Code  Gb  stm8s_it.o [1]
EXTI_PORTE_IRQHandler   0x008a21   0x1  Code  Gb  stm8s_it.o [1]
GPIO_Init               0x0081a7  0xb3  Code  Gb  stm8s_gpio.o [1]
GPIO_ReadInputPin       0x0089e8   0x7  Code  Gb  stm8s_gpio.o [1]
GPIO_WriteHigh          0x0089e1   0x7  Code  Gb  stm8s_gpio.o [1]
GPIO_WriteLow           0x008a05   0x4  Code  Gb  stm8s_gpio.o [1]
I2C_IRQHandler          0x008a29   0x1  Code  Gb  stm8s_it.o [1]
INTVEC$$Base            0x008000         --   Gb  - Linker created -
INTVEC$$Limit           0x008080         --   Gb  - Linker created -
Number                  0x000016   0xa  Data  Lc  Display.o [1]
Region$$Table$$Base     0x008860         --   Gb  - Linker created -
Region$$Table$$Limit    0x00886a         --   Gb  - Linker created -
SPI_IRQHandler          0x008a22   0x1  Code  Gb  stm8s_it.o [1]
TIM1_CAP_COM_IRQHandler
                        0x008a24   0x1  Code  Gb  stm8s_it.o [1]
TIM1_UPD_OVF_TRG_BRK_IRQHandler
                        0x008a23   0x1  Code  Gb  stm8s_it.o [1]
TIM2_CAP_COM_IRQHandler
                        0x008a26   0x1  Code  Gb  stm8s_it.o [1]
TIM2_UPD_OVF_BRK_IRQHandler
                        0x008a25   0x1  Code  Gb  stm8s_it.o [1]
TIM4_UPD_OVF_IRQHandler
                        0x008a2b   0x1  Code  Gb  stm8s_it.o [1]
TLI_IRQHandler          0x008a1a   0x1  Code  Gb  stm8s_it.o [1]
TM1650_Init             0x008159  0x37  Code  Gb  bsp.o [1]
TM1650_Set              0x00813b  0x18  Code  Gb  bsp.o [1]
TM_Start                0x008080   0xc  Code  Gb  bsp.o [1]
TM_Stop                 0x00808c   0xc  Code  Gb  bsp.o [1]
TM_w_BYTE               0x0080bb  0x4f  Code  Gb  bsp.o [1]
TRAP_IRQHandler         0x008a19   0x1  Code  Gb  stm8s_it.o [1]
UART1_RX_IRQHandler     0x008a28   0x1  Code  Gb  stm8s_it.o [1]
UART1_TX_IRQHandler     0x008a27   0x1  Code  Gb  stm8s_it.o [1]
__exit                  0x008a17   0x2  Code  Gb  xxexit.o [3]
__iar_copy_init2        0x008812        Code  Gb  init_small.o [4]
__iar_data_init2        0x0088d7  0x17  Code  Gb  init.o [4]
__iar_program_start     0x008904        Code  Gb  cstartup.o [4]
__iar_unhandled_exception
                        0x008a12        Code  Gb  unhandled_exception.o [4]
__intvec                0x008000        Data  Gb  interrupt.o [4]
__low_level_init        0x008a0c   0x3  Code  Gb  low_level_init.o [4]
_exit                   0x008a00        Code  Gb  cexit.o [4]
_interrupt_1            0x008a19        Code  Gb  stm8s_it.o [1]
_interrupt_12           0x008a22        Code  Gb  stm8s_it.o [1]
_interrupt_13           0x008a23        Code  Gb  stm8s_it.o [1]
_interrupt_14           0x008a24        Code  Gb  stm8s_it.o [1]
_interrupt_15           0x008a25        Code  Gb  stm8s_it.o [1]
_interrupt_16           0x008a26        Code  Gb  stm8s_it.o [1]
_interrupt_19           0x008a27        Code  Gb  stm8s_it.o [1]
_interrupt_2            0x008a1a        Code  Gb  stm8s_it.o [1]
_interrupt_20           0x008a28        Code  Gb  stm8s_it.o [1]
_interrupt_21           0x008a29        Code  Gb  stm8s_it.o [1]
_interrupt_24           0x008a2a        Code  Gb  stm8s_it.o [1]
_interrupt_25           0x008a2b        Code  Gb  stm8s_it.o [1]
_interrupt_26           0x008a2c        Code  Gb  stm8s_it.o [1]
_interrupt_3            0x008a1b        Code  Gb  stm8s_it.o [1]
_interrupt_4            0x008a1c        Code  Gb  stm8s_it.o [1]
_interrupt_5            0x008a1d        Code  Gb  stm8s_it.o [1]
_interrupt_6            0x008a1e        Code  Gb  stm8s_it.o [1]
_interrupt_7            0x008a1f        Code  Gb  stm8s_it.o [1]
_interrupt_8            0x008a20        Code  Gb  stm8s_it.o [1]
_interrupt_9            0x008a21        Code  Gb  stm8s_it.o [1]
adcSingleRead           0x0087b0  0x31  Code  Gb  bsp.o [1]
adc_init                0x008300  0x28  Code  Lc  bsp.o [1]
adval                   0x000027   0x2  Data  Gb  main.o [1]
assert_failed           0x008a15   0x2  Code  Gb  main.o [1]
delay_ms                0x008917  0x12  Code  Gb  delay.o [1]
delay_us                0x0089a0   0x9  Code  Gb  delay.o [1]
dispaly_num             0x008420  0x8a  Code  Gb  Display.o [1]
display_chargeFinish_led
                        0x0088be  0x19  Code  Gb  Display.o [1]
display_led             0x0086e8  0x33  Code  Gb  Display.o [1]
display_machineMode_led
                        0x0088a5  0x19  Code  Gb  Display.o [1]
exit                    0x008a0f   0x3  Code  Gb  exit.o [4]
getKeySwSta             0x008929  0x11  Code  Gb  bsp.o [1]
keyVal                  0x000025   0x1  Data  Gb  key.o [1]
keyValTest              0x000029   0x1  Data  Gb  test.o [1]
key_task                0x0086b3  0x35  Code  Gb  key.o [1]
key_test_task           0x0085ef  0x4e  Code  Gb  test.o [1]
main                    0x008889  0x1c  Code  Gb  main.o [1]
regValBackup            0x000020   0x4  Data  Gb  Display.o [1]
sysInit                 0x008328  0x6c  Code  Gb  bsp.o [1]


[1] = F:\Project\chargeBoxForStm8s\Release\Obj
[2] = command line
[3] = dbgstm8smn.a
[4] = dlstm8smn.a

  2 287 bytes of readonly  code memory
    318 bytes of readonly  data memory
    299 bytes of readwrite data memory

Errors: none
Warnings: none
