###############################################################################
#
# IAR ELF Linker V2.20.1.176 for STM8                     08/Jan/2018  00:38:40
# Copyright 2010-2015 IAR Systems AB.
#
#    Output file  =  F:\Project\chargeBoxForStm8s\Debug\Exe\cbox.out
#    Map file     =  F:\Project\chargeBoxForStm8s\Debug\List\cbox.map
#    Command line =  
#        F:\Project\chargeBoxForStm8s\Debug\Obj\adConvert.o
#        F:\Project\chargeBoxForStm8s\Debug\Obj\bsp.o
#        F:\Project\chargeBoxForStm8s\Debug\Obj\delay.o
#        F:\Project\chargeBoxForStm8s\Debug\Obj\Display.o
#        F:\Project\chargeBoxForStm8s\Debug\Obj\key.o
#        F:\Project\chargeBoxForStm8s\Debug\Obj\led.o
#        F:\Project\chargeBoxForStm8s\Debug\Obj\Logic.o
#        F:\Project\chargeBoxForStm8s\Debug\Obj\main.o
#        F:\Project\chargeBoxForStm8s\Debug\Obj\stm8s_adc1.o
#        F:\Project\chargeBoxForStm8s\Debug\Obj\stm8s_awu.o
#        F:\Project\chargeBoxForStm8s\Debug\Obj\stm8s_beep.o
#        F:\Project\chargeBoxForStm8s\Debug\Obj\stm8s_clk.o
#        F:\Project\chargeBoxForStm8s\Debug\Obj\stm8s_exti.o
#        F:\Project\chargeBoxForStm8s\Debug\Obj\stm8s_flash.o
#        F:\Project\chargeBoxForStm8s\Debug\Obj\stm8s_gpio.o
#        F:\Project\chargeBoxForStm8s\Debug\Obj\stm8s_i2c.o
#        F:\Project\chargeBoxForStm8s\Debug\Obj\stm8s_it.o
#        F:\Project\chargeBoxForStm8s\Debug\Obj\stm8s_itc.o
#        F:\Project\chargeBoxForStm8s\Debug\Obj\stm8s_iwdg.o
#        F:\Project\chargeBoxForStm8s\Debug\Obj\stm8s_rst.o
#        F:\Project\chargeBoxForStm8s\Debug\Obj\stm8s_spi.o
#        F:\Project\chargeBoxForStm8s\Debug\Obj\stm8s_tim1.o
#        F:\Project\chargeBoxForStm8s\Debug\Obj\stm8s_tim2.o
#        F:\Project\chargeBoxForStm8s\Debug\Obj\stm8s_tim4.o
#        F:\Project\chargeBoxForStm8s\Debug\Obj\stm8s_uart1.o
#        F:\Project\chargeBoxForStm8s\Debug\Obj\stm8s_wwdg.o
#        F:\Project\chargeBoxForStm8s\Debug\Obj\test.o --redirect
#        _Printf=_PrintfSmall --redirect _Scanf=_ScanfSmall -o
#        F:\Project\chargeBoxForStm8s\Debug\Exe\cbox.out --map
#        F:\Project\chargeBoxForStm8s\Debug\List\cbox.map --config "H:\Program
#        Files (x86)\IAR Systems\Embedded Workbench
#        7.3\stm8\config\lnkstm8s003f3.icf" --config_def _CSTACK_SIZE=0x100
#        --config_def _HEAP_SIZE=0x100 --entry __iar_program_start --debug_lib
#
###############################################################################

*******************************************************************************
*** RUNTIME MODEL ATTRIBUTES
***

__SystemLibrary            = DLib
__code_model               = small
__core                     = stm8
__data_model               = medium
__dlib_file_descriptor     = 0
__dlib_full_locale_support = 0
__rt_version               = 4


*******************************************************************************
*** PLACEMENT SUMMARY
***

"A1":  place at start of [0x000000-0x0000ff] { rw section .vregs };
"A2":  place at end of [0x000000-0x0003ff] { block CSTACK };
"P2":  place in [from 0x000000 to 0x0003ff] {
          block HEAP, rw section __DLIB_PERTHREAD, rw section .far.bss,
          rw section .far.data, rw section .far.noinit,
          rw section .far_func.textrw, rw section .huge.bss,
          rw section .huge.data, rw section .huge.noinit,
          rw section .huge_func.textrw, rw section .iar.dynexit,
          rw section .near.bss, rw section .near.data, rw section .near.noinit,
          rw section .near_func.textrw };
"A3":  place at start of [0x008000-0x009fff] { block INTVEC };
"P3":  place in [from 0x008000 to 0x009fff] {
          ro section __DLIB_PERTHREAD_init, ro section .far.data_init,
          ro section .far_func.textrw_init, ro section .huge.data_init,
          ro section .huge_func.textrw_init, ro section .iar.init_table,
          ro section .init_array, ro section .near.data_init,
          ro section .near.rodata, ro section .near_func.text,
          ro section .near_func.textrw_init, ro section .tiny.data_init,
          ro section .tiny.rodata_init };

  Section            Kind      Address    Size  Object
  -------            ----      -------    ----  ------
"A1":                                     0x10
  .vregs             uninit   0x000000    0x10  vregs.o [4]
                            - 0x000010    0x10

"P2", part 1 of 2:                        0x12
  P2-1                        0x000010    0x12  <Init block>
    .near.data       inited   0x000010     0xa  Display.o [1]
    .near.data       inited   0x00001a     0x2  Logic.o [1]
    .near.data       inited   0x00001c     0x2  Logic.o [1]
    .near.data       inited   0x00001e     0x2  Logic.o [1]
    .near.data       inited   0x000020     0x2  Logic.o [1]
                            - 0x000022    0x12

"P2", part 2 of 2:                        0x7e
  .near.bss          zero     0x000022    0x10  adConvert.o [1]
  .near.bss          zero     0x000032    0x10  adConvert.o [1]
  .near.bss          zero     0x000042    0x10  adConvert.o [1]
  .near.bss          zero     0x000052    0x10  adConvert.o [1]
  .near.bss          zero     0x000062     0xe  Logic.o [1]
  .near.bss          zero     0x000070     0x9  main.o [1]
  .near.bss          zero     0x000079     0x6  adConvert.o [1]
  .near.bss          zero     0x00007f     0x6  adConvert.o [1]
  .near.bss          zero     0x000085     0x6  adConvert.o [1]
  .near.bss          zero     0x00008b     0x6  adConvert.o [1]
  .near.bss          zero     0x000091     0x6  bsp.o [1]
  .near.bss          zero     0x000097     0x2  bsp.o [1]
  .near.bss          zero     0x000099     0x2  bsp.o [1]
  .near.bss          zero     0x00009b     0x2  Display.o [1]
  .near.bss          zero     0x00009d     0x1  Display.o [1]
  .near.bss          zero     0x00009e     0x1  key.o [1]
  .near.bss          zero     0x00009f     0x1  Logic.o [1]
                            - 0x0000a0    0x7e

"A2":                                    0x100
  CSTACK                      0x000300   0x100  <Block>
    CSTACK           uninit   0x000300   0x100  <Block tail>
                            - 0x000400   0x100

"A3":                                     0x80
  INTVEC                      0x008000    0x80  <Block>
    .intvec          const    0x008000    0x80  interrupt.o [4]
                            - 0x008080    0x80

"P3":                                   0x1bf5
  .near_func.text    ro code  0x008080   0x29d  float.o [4]
  .near_func.text    ro code  0x00831d   0x260  Logic.o [1]
  .near_func.text    ro code  0x00857d   0x112  stm8s_gpio.o [1]
  .near_func.text    ro code  0x00868f   0x104  Display.o [1]
  .near_func.text    ro code  0x008793    0xf7  stm8s_adc1.o [1]
  .near_func.text    ro code  0x00888a    0xe1  Logic.o [1]
  .near_func.text    ro code  0x00896b    0xd2  vreg_util.o [4]
  .near_func.text    ro code  0x008a3d    0xbe  stm8s_adc1.o [1]
  .near_func.text    ro code  0x008afb    0xbc  stm8s_adc1.o [1]
  .near_func.text    ro code  0x008bb7    0xb5  stm8s_adc1.o [1]
  .near_func.text    ro code  0x008c6c    0xae  Logic.o [1]
  .near_func.text    ro code  0x008d1a    0xa2  bsp.o [1]
  .near_func.text    ro code  0x008dbc    0x9b  adConvert.o [1]
  .near_func.text    ro code  0x008e57    0x9b  bsp.o [1]
  .near_func.text    ro code  0x008ef2    0x83  Logic.o [1]
  .near_func.text    ro code  0x008f75    0x81  main.o [1]
  .near_func.text    ro code  0x008ff6    0x70  Logic.o [1]
  .near_func.text    ro code  0x009066    0x64  Display.o [1]
  .near_func.text    ro code  0x0090ca    0x60  stm8s_tim1.o [1]
  .near_func.text    ro code  0x00912a    0x55  stm8s_adc1.o [1]
  .near_func.text    ro code  0x00917f    0x53  stm8s_adc1.o [1]
  .near_func.text    ro code  0x0091d2    0x51  stm8s_tim4.o [1]
  .near_func.text    ro code  0x009223    0x4e  stm8s_tim4.o [1]
  .near_func.text    ro code  0x009271    0x4c  stm8s_tim1.o [1]
  .near_func.text    ro code  0x0092bd    0x4a  main.o [1]
  .near_func.text    ro code  0x009307    0x48  Logic.o [1]
  .near_func.text    ro code  0x00934f    0x44  stm8s_iwdg.o [1]
  .near_func.text    ro code  0x009393    0x3d  stm8s_clk.o [1]
  .near_func.text    ro code  0x0093d0    0x3c  bsp.o [1]
  .near_func.text    ro code  0x00940c    0x37  bsp.o [1]
  .near_func.text    ro code  0x009443    0x35  Display.o [1]
  .near.rodata       const    0x009478    0x32  Logic.o [1]
  .near.rodata       const    0x0094aa    0x32  stm8s_adc1.o [1]
  .near.rodata       const    0x0094dc    0x32  stm8s_gpio.o [1]
  .near.rodata       const    0x00950e    0x32  stm8s_iwdg.o [1]
  .near.rodata       const    0x009540    0x32  stm8s_tim1.o [1]
  .near.rodata       const    0x009572    0x32  stm8s_tim4.o [1]
  .near.rodata       const    0x0095a4    0x31  stm8s_clk.o [1]
  .near_func.text    ro code  0x0095d5    0x31  stm8s_adc1.o [1]
  .near_func.text    ro code  0x009606    0x2f  key.o [1]
  .near_func.text    ro code  0x009635    0x2f  stm8s_adc1.o [1]
  .near_func.text    ro code  0x009664    0x2f  stm8s_tim1.o [1]
  .near_func.text    ro code  0x009693    0x2f  stm8s_tim1.o [1]
  .near_func.text    ro code  0x0096c2    0x2f  stm8s_tim4.o [1]
  .near_func.text    ro code  0x0096f1    0x2d  short.o [4]
  .near_func.text    ro code  0x00971e    0x2c  bsp.o [1]
  .near_func.text    ro code  0x00974a    0x2a  bsp.o [1]
  .near_func.text    ro code  0x009774    0x2a  bsp.o [1]
  .near_func.text    ro code  0x00979e    0x29  bsp.o [1]
  .near_func.text    ro code  0x0097c7    0x29  Logic.o [1]
  .near_func.text    ro code  0x0097f0    0x28  bsp.o [1]
  .near_func.text    ro code  0x009818    0x28  Display.o [1]
  .near_func.text    ro code  0x009840    0x28  init_small.o [4]
  .near_func.text    ro code  0x009868    0x27  bsp.o [1]
  .near_func.text    ro code  0x00988f    0x26  stm8s_iwdg.o [1]
  .near_func.text    ro code  0x0098b5    0x23  stm8s_tim4.o [1]
  .near_func.text    ro code  0x0098d8    0x23  stm8s_tim4.o [1]
  .near_func.text    ro code  0x0098fb    0x22  key.o [1]
  .near_func.text    ro code  0x00991d    0x21  bsp.o [1]
  .near_func.text    ro code  0x00993e    0x21  bsp.o [1]
  .near_func.text    ro code  0x00995f    0x21  bsp.o [1]
  .near_func.text    ro code  0x009980    0x21  bsp.o [1]
  .near_func.text    ro code  0x0099a1    0x21  stm8s_tim1.o [1]
  .iar.init_table    const    0x0099c2    0x12  - Linker created -
  .near_func.text    ro code  0x0099d4    0x20  bsp.o [1]
  .near_func.text    ro code  0x0099f4    0x1e  adConvert.o [1]
  .near_func.text    ro code  0x009a12    0x1e  adConvert.o [1]
  .near_func.text    ro code  0x009a30    0x1e  adConvert.o [1]
  .near_func.text    ro code  0x009a4e    0x1e  adConvert.o [1]
  .near_func.text    ro code  0x009a6c    0x1e  init_small.o [4]
  .near_func.text    ro code  0x009a8a    0x1c  Logic.o [1]
  .near_func.text    ro code  0x009aa6    0x1b  bsp.o [1]
  .near_func.text    ro code  0x009ac1    0x1b  delay.o [1]
  .near_func.text    ro code  0x009adc    0x17  init.o [4]
  .near_func.text    ro code  0x009af3    0x16  bsp.o [1]
  .near_func.text    ro code  0x009b09    0x16  stm8s_it.o [1]
  .near_func.text    ro code  0x009b1f    0x16  stm8s_it.o [1]
  .near_func.text    ro code  0x009b35    0x15  delay.o [1]
  .near_func.text    ro code  0x009b4a    0x14  bsp.o [1]
  .near_func.text    ro code  0x009b5e    0x14  __dbg_xxexit.o [3]
  .near_func.text    ro code  0x009b72    0x13  bsp.o [1]
  .near_func.text    ro code  0x009b85    0x13  bsp.o [1]
  .near_func.text    ro code  0x009b98    0x13  bsp.o [1]
  .near_func.text    ro code  0x009bab    0x13  cstartup.o [4]
  Initializer bytes  const    0x009bbe    0x12  <for P2-1>
  .near_func.text    ro code  0x009bd0     0xd  dc_util.o [4]
  .near_func.text    ro code  0x009bdd     0xc  long_util.o [4]
  .near_func.text    ro code  0x009be9     0x9  stm8s_tim1.o [1]
  .near_func.text    ro code  0x009bf2     0x8  Logic.o [1]
  .near_func.text    ro code  0x009bfa     0x8  Logic.o [1]
  .near_func.text    ro code  0x009c02     0x8  stm8s_gpio.o [1]
  .near_func.text    ro code  0x009c0a     0x7  Logic.o [1]
  .near_func.text    ro code  0x009c11     0x7  stm8s_gpio.o [1]
  .near_func.text    ro code  0x009c18     0x5  Logic.o [1]
  .near_func.text    ro code  0x009c1d     0x5  Logic.o [1]
  .near_func.text    ro code  0x009c22     0x5  stm8s_adc1.o [1]
  .near_func.text    ro code  0x009c27     0x5  stm8s_iwdg.o [1]
  .near_func.text    ro code  0x009c2c     0x5  stm8s_iwdg.o [1]
  .near_func.text    ro code  0x009c31     0x5  cexit.o [4]
  .near.rodata       const    0x009c36     0x4  adConvert.o [1]
  .near.rodata       const    0x009c3a     0x4  adConvert.o [1]
  .near.rodata       const    0x009c3e     0x4  adConvert.o [1]
  .near.rodata       const    0x009c42     0x4  adConvert.o [1]
  .near_func.text    ro code  0x009c46     0x4  bsp.o [1]
  .near_func.text    ro code  0x009c4a     0x4  stm8s_iwdg.o [1]
  .near_func.text    ro code  0x009c4e     0x4  stm8s_tim4.o [1]
  .near_func.text    ro code  0x009c52     0x3  interrupt.o [4]
  .near_func.text    ro code  0x009c55     0x3  low_level_init.o [4]
  .near_func.text    ro code  0x009c58     0x3  exit.o [4]
  .near_func.text    ro code  0x009c5b     0x3  unhandled_exception.o [4]
  .near.rodata       const    0x009c5e     0x2  Display.o [1]
  .near_func.text    ro code  0x009c60     0x2  main.o [1]
  .near_func.text    ro code  0x009c62     0x1  stm8s_it.o [1]
  .near_func.text    ro code  0x009c63     0x1  stm8s_it.o [1]
  .near_func.text    ro code  0x009c64     0x1  stm8s_it.o [1]
  .near_func.text    ro code  0x009c65     0x1  stm8s_it.o [1]
  .near_func.text    ro code  0x009c66     0x1  stm8s_it.o [1]
  .near_func.text    ro code  0x009c67     0x1  stm8s_it.o [1]
  .near_func.text    ro code  0x009c68     0x1  stm8s_it.o [1]
  .near_func.text    ro code  0x009c69     0x1  stm8s_it.o [1]
  .near_func.text    ro code  0x009c6a     0x1  stm8s_it.o [1]
  .near_func.text    ro code  0x009c6b     0x1  stm8s_it.o [1]
  .near_func.text    ro code  0x009c6c     0x1  stm8s_it.o [1]
  .near_func.text    ro code  0x009c6d     0x1  stm8s_it.o [1]
  .near_func.text    ro code  0x009c6e     0x1  stm8s_it.o [1]
  .near_func.text    ro code  0x009c6f     0x1  stm8s_it.o [1]
  .near_func.text    ro code  0x009c70     0x1  stm8s_it.o [1]
  .near_func.text    ro code  0x009c71     0x1  stm8s_it.o [1]
  .near_func.text    ro code  0x009c72     0x1  stm8s_it.o [1]
  .near_func.text    ro code  0x009c73     0x1  stm8s_it.o [1]
  .near_func.text    ro code  0x009c74     0x1  __dbg_break.o [3]
                            - 0x009c75  0x1bf5


*******************************************************************************
*** INIT TABLE
***

          Address   Size
          -------   ----
Zero (__iar_zero_init2)
    1 destination range, total size 0x7e:
          0x000022  0x7e

Copy (__iar_copy_init2)
    1 source range, total size 0x12:
          0x009bbe  0x12
    1 destination range, total size 0x12:
          0x000010  0x12



*******************************************************************************
*** MODULE SUMMARY
***

    Module                 ro code  ro data  rw data
    ------                 -------  -------  -------
F:\Project\chargeBoxForStm8s\Debug\Obj: [1]
    Display.o                  453       12       13
    Logic.o                  1 424       58       23
    adConvert.o                275       16       88
    bsp.o                      974                10
    delay.o                     48
    key.o                       81                 1
    main.o                     205                 9
    stm8s_adc1.o             1 075       50
    stm8s_clk.o                 61       49
    stm8s_gpio.o               289       50
    stm8s_it.o                  62
    stm8s_iwdg.o               120       50
    stm8s_tim1.o               308       50
    stm8s_tim4.o               280       50
    ------------------------------------------------
    Total:                   5 655      385      144

command line: [2]
    ------------------------------------------------
    Total:

dbgstm8smd.a: [3]
    __dbg_break.o                1
    __dbg_xxexit.o              20
    ------------------------------------------------
    Total:                      21

dlstm8smn.a: [4]
    cexit.o                      5
    cstartup.o                  19
    dc_util.o                   13
    exit.o                       3
    float.o                    669
    init.o                      23
    init_small.o                70
    interrupt.o                  3      128
    long_util.o                 12
    low_level_init.o             3
    short.o                     45
    unhandled_exception.o        3
    vreg_util.o                210
    vregs.o                                       16
    ------------------------------------------------
    Total:                   1 078      128       16

    Linker created                       18      256
----------------------------------------------------
    Grand Total:             6 754      531      416


*******************************************************************************
*** ENTRY LIST
***

Entry                    Address   Size  Type      Object
-----                    -------   ----  ----      ------
.iar.init_table$$Base   0x0099c2          --   Gb  - Linker created -
.iar.init_table$$Limit  0x0099d4          --   Gb  - Linker created -
?b0                     0x000000         Data  Gb  vregs.o [4]
?b1                     0x000001         Data  Gb  vregs.o [4]
?b10                    0x00000a         Data  Gb  vregs.o [4]
?b11                    0x00000b         Data  Gb  vregs.o [4]
?b12                    0x00000c         Data  Gb  vregs.o [4]
?b13                    0x00000d         Data  Gb  vregs.o [4]
?b14                    0x00000e         Data  Gb  vregs.o [4]
?b15                    0x00000f         Data  Gb  vregs.o [4]
?b2                     0x000002         Data  Gb  vregs.o [4]
?b3                     0x000003         Data  Gb  vregs.o [4]
?b4                     0x000004         Data  Gb  vregs.o [4]
?b5                     0x000005         Data  Gb  vregs.o [4]
?b6                     0x000006         Data  Gb  vregs.o [4]
?b7                     0x000007         Data  Gb  vregs.o [4]
?b8                     0x000008         Data  Gb  vregs.o [4]
?b9                     0x000009         Data  Gb  vregs.o [4]
?dc32_l1                0x009bd0         Code  Gb  dc_util.o [4]
?e0                     0x000001         Data  Gb  vregs.o [4]
?e1                     0x000005         Data  Gb  vregs.o [4]
?e2                     0x000009         Data  Gb  vregs.o [4]
?e3                     0x00000d         Data  Gb  vregs.o [4]
?epilogue_l2            0x008a06         Code  Gb  vreg_util.o [4]
?epilogue_l2_l3         0x008a03         Code  Gb  vreg_util.o [4]
?epilogue_l2_w6         0x008a0a         Code  Gb  vreg_util.o [4]
?epilogue_w4            0x008a11         Code  Gb  vreg_util.o [4]
?fcastf32u16_l0_x       0x0081d1         Code  Gb  float.o [4]
?fcasts16f32_x_l0       0x0081ef         Code  Gb  float.o [4]
?fdiv32_l0_l0_l1        0x008123         Code  Gb  float.o [4]
?fmul32_l0_l0_0x        0x008085         Code  Gb  float.o [4]
?fmul32_l0_l0_dc32      0x008080         Code  Gb  float.o [4]
?fmul32_l0_l0_l1        0x008088         Code  Gb  float.o [4]
?l0                     0x000000         Data  Gb  vregs.o [4]
?l1                     0x000004         Data  Gb  vregs.o [4]
?l2                     0x000008         Data  Gb  vregs.o [4]
?l3                     0x00000c         Data  Gb  vregs.o [4]
?load32_l1_0x           0x009bdd         Code  Gb  long_util.o [4]
?mov_e0_e1              0x008a26         Code  Gb  vreg_util.o [4]
?mov_e1_e0              0x008a33         Code  Gb  vreg_util.o [4]
?mov_l0_l1              0x008a23         Code  Gb  vreg_util.o [4]
?mov_l1_l0              0x008a30         Code  Gb  vreg_util.o [4]
?mov_w0_w1              0x008a15         Code  Gb  vreg_util.o [4]
?mov_w0_w4              0x008a1c         Code  Gb  vreg_util.o [4]
?mov_w1_w3              0x008a29         Code  Gb  vreg_util.o [4]
?mov_w3_w1              0x008a36         Code  Gb  vreg_util.o [4]
?mul16_x_x_w0           0x0096f1         Code  Gb  short.o [4]
?pop_l0                 0x0089cf         Code  Gb  vreg_util.o [4]
?pop_l1                 0x0089da         Code  Gb  vreg_util.o [4]
?pop_l2                 0x0089e5         Code  Gb  vreg_util.o [4]
?pop_l3                 0x0089f0         Code  Gb  vreg_util.o [4]
?pop_w4                 0x008988         Code  Gb  vreg_util.o [4]
?pop_w6                 0x00898f         Code  Gb  vreg_util.o [4]
?push_l0                0x00899e         Code  Gb  vreg_util.o [4]
?push_l1                0x0089a3         Code  Gb  vreg_util.o [4]
?push_l2                0x0089a8         Code  Gb  vreg_util.o [4]
?push_l3                0x0089ad         Code  Gb  vreg_util.o [4]
?push_w4                0x00896b         Code  Gb  vreg_util.o [4]
?push_w6                0x008970         Code  Gb  vreg_util.o [4]
?sll16_x_x_4            0x009719         Code  Gb  short.o [4]
?sll16_x_x_5            0x009718         Code  Gb  short.o [4]
?sll16_x_x_6            0x009717         Code  Gb  short.o [4]
?sll16_x_x_a            0x00970f         Code  Gb  short.o [4]
?w0                     0x000000         Data  Gb  vregs.o [4]
?w1                     0x000002         Data  Gb  vregs.o [4]
?w2                     0x000004         Data  Gb  vregs.o [4]
?w3                     0x000006         Data  Gb  vregs.o [4]
?w4                     0x000008         Data  Gb  vregs.o [4]
?w5                     0x00000a         Data  Gb  vregs.o [4]
?w6                     0x00000c         Data  Gb  vregs.o [4]
?w7                     0x00000e         Data  Gb  vregs.o [4]
ADC1_ClearFlag          0x008bb7   0xb5  Code  Gb  stm8s_adc1.o [1]
ADC1_Cmd                0x009635   0x2f  Code  Gb  stm8s_adc1.o [1]
ADC1_ConversionConfig   0x008a3d   0xbe  Code  Gb  stm8s_adc1.o [1]
ADC1_DeInit             0x0095d5   0x31  Code  Gb  stm8s_adc1.o [1]
ADC1_GetConversionValue
                        0x00917f   0x53  Code  Gb  stm8s_adc1.o [1]
ADC1_GetFlagStatus      0x008afb   0xbc  Code  Gb  stm8s_adc1.o [1]
ADC1_IRQHandler         0x009c72    0x1  Code  Gb  stm8s_it.o [1]
ADC1_PrescalerConfig    0x00912a   0x55  Code  Gb  stm8s_adc1.o [1]
ADC1_SchmittTriggerConfig
                        0x008793   0xf7  Code  Gb  stm8s_adc1.o [1]
ADC1_StartConversion    0x009c22    0x5  Code  Gb  stm8s_adc1.o [1]
AWU_IRQHandler          0x009c64    0x1  Code  Gb  stm8s_it.o [1]
CLK_HSIPrescalerConfig  0x009393   0x3d  Code  Gb  stm8s_clk.o [1]
CLK_IRQHandler          0x009c65    0x1  Code  Gb  stm8s_it.o [1]
CSTACK$$Base            0x000300          --   Gb  - Linker created -
CSTACK$$Limit           0x000400          --   Gb  - Linker created -
EEPROM_EEC_IRQHandler   0x009c73    0x1  Code  Gb  stm8s_it.o [1]
EXTI_PORTA_IRQHandler   0x009c66    0x1  Code  Gb  stm8s_it.o [1]
EXTI_PORTB_IRQHandler   0x009c67    0x1  Code  Gb  stm8s_it.o [1]
EXTI_PORTC_IRQHandler   0x009c68    0x1  Code  Gb  stm8s_it.o [1]
EXTI_PORTD_IRQHandler   0x009c69    0x1  Code  Gb  stm8s_it.o [1]
EXTI_PORTE_IRQHandler   0x009c6a    0x1  Code  Gb  stm8s_it.o [1]
GPIO_Init               0x00857d  0x112  Code  Gb  stm8s_gpio.o [1]
GPIO_WriteHigh          0x009c11    0x7  Code  Gb  stm8s_gpio.o [1]
GPIO_WriteLow           0x009c02    0x8  Code  Gb  stm8s_gpio.o [1]
I2C_IRQHandler          0x009c71    0x1  Code  Gb  stm8s_it.o [1]
INTVEC$$Base            0x008000          --   Gb  - Linker created -
INTVEC$$Limit           0x008080          --   Gb  - Linker created -
IWDG_Enable             0x009c2c    0x5  Code  Gb  stm8s_iwdg.o [1]
IWDG_ReloadCounter      0x009c27    0x5  Code  Gb  stm8s_iwdg.o [1]
IWDG_SetPrescaler       0x00934f   0x44  Code  Gb  stm8s_iwdg.o [1]
IWDG_SetReload          0x009c4a    0x4  Code  Gb  stm8s_iwdg.o [1]
IWDG_WriteAccessCmd     0x00988f   0x26  Code  Gb  stm8s_iwdg.o [1]
Number                  0x000010    0xa  Data  Lc  Display.o [1]
Region$$Table$$Base     0x0099c2          --   Gb  - Linker created -
Region$$Table$$Limit    0x0099d4          --   Gb  - Linker created -
SPI_IRQHandler          0x009c6b    0x1  Code  Gb  stm8s_it.o [1]
TIM1_ARRPreloadConfig   0x009693   0x2f  Code  Gb  stm8s_tim1.o [1]
TIM1_CAP_COM_IRQHandler
                        0x009c6c    0x1  Code  Gb  stm8s_it.o [1]
TIM1_ClearITPendingBit  0x0099a1   0x21  Code  Gb  stm8s_tim1.o [1]
TIM1_Cmd                0x009664   0x2f  Code  Gb  stm8s_tim1.o [1]
TIM1_ITConfig           0x009271   0x4c  Code  Gb  stm8s_tim1.o [1]
TIM1_SetCounter         0x009be9    0x9  Code  Gb  stm8s_tim1.o [1]
TIM1_TimeBaseInit       0x0090ca   0x60  Code  Gb  stm8s_tim1.o [1]
TIM1_UPD_OVF_TRG_BRK_IRQHandler
                        0x009b09   0x16  Code  Gb  stm8s_it.o [1]
TIM2_CAP_COM_IRQHandler
                        0x009c6e    0x1  Code  Gb  stm8s_it.o [1]
TIM2_UPD_OVF_BRK_IRQHandler
                        0x009c6d    0x1  Code  Gb  stm8s_it.o [1]
TIM4Start               0x0097f0   0x28  Code  Gb  bsp.o [1]
TIM4Stop                0x009b4a   0x14  Code  Gb  bsp.o [1]
TIM4_ClearFlag          0x0098b5   0x23  Code  Gb  stm8s_tim4.o [1]
TIM4_ClearITPendingBit  0x0098d8   0x23  Code  Gb  stm8s_tim4.o [1]
TIM4_Cmd                0x0096c2   0x2f  Code  Gb  stm8s_tim4.o [1]
TIM4_ITConfig           0x009223   0x4e  Code  Gb  stm8s_tim4.o [1]
TIM4_SetCounter         0x009c4e    0x4  Code  Gb  stm8s_tim4.o [1]
TIM4_TimeBaseInit       0x0091d2   0x51  Code  Gb  stm8s_tim4.o [1]
TIM4_UPD_OVF_IRQHandler
                        0x009b1f   0x16  Code  Gb  stm8s_it.o [1]
TLI_IRQHandler          0x009c63    0x1  Code  Gb  stm8s_it.o [1]
TM1650_Init             0x00971e   0x2c  Code  Gb  bsp.o [1]
TM1650_Set              0x009aa6   0x1b  Code  Gb  bsp.o [1]
TM_Start                0x00974a   0x2a  Code  Gb  bsp.o [1]
TM_Stop                 0x009774   0x2a  Code  Gb  bsp.o [1]
TM_w_BYTE               0x008d1a   0xa2  Code  Gb  bsp.o [1]
TRAP_IRQHandler         0x009c62    0x1  Code  Gb  stm8s_it.o [1]
UART1_RX_IRQHandler     0x009c70    0x1  Code  Gb  stm8s_it.o [1]
UART1_TX_IRQHandler     0x009c6f    0x1  Code  Gb  stm8s_it.o [1]
__DebugBreak            0x009c74    0x1  Code  Gb  __dbg_break.o [3]
__exit                  0x009b5e   0x14  Code  Gb  __dbg_xxexit.o [3]
__iar_copy_init2        0x009840         Code  Gb  init_small.o [4]
__iar_data_init2        0x009adc   0x17  Code  Gb  init.o [4]
__iar_program_start     0x009bab         Code  Gb  cstartup.o [4]
__iar_unhandled_exception
                        0x009c5b         Code  Gb  unhandled_exception.o [4]
__iar_zero_init2        0x009a6c         Code  Gb  init_small.o [4]
__intvec                0x008000         Data  Gb  interrupt.o [4]
__low_level_init        0x009c55    0x3  Code  Gb  low_level_init.o [4]
_exit                   0x009c31         Code  Gb  cexit.o [4]
_interrupt_1            0x009c62         Code  Gb  stm8s_it.o [1]
_interrupt_12           0x009c6b         Code  Gb  stm8s_it.o [1]
_interrupt_13           0x009b09         Code  Gb  stm8s_it.o [1]
_interrupt_14           0x009c6c         Code  Gb  stm8s_it.o [1]
_interrupt_15           0x009c6d         Code  Gb  stm8s_it.o [1]
_interrupt_16           0x009c6e         Code  Gb  stm8s_it.o [1]
_interrupt_19           0x009c6f         Code  Gb  stm8s_it.o [1]
_interrupt_2            0x009c63         Code  Gb  stm8s_it.o [1]
_interrupt_20           0x009c70         Code  Gb  stm8s_it.o [1]
_interrupt_21           0x009c71         Code  Gb  stm8s_it.o [1]
_interrupt_24           0x009c72         Code  Gb  stm8s_it.o [1]
_interrupt_25           0x009b1f         Code  Gb  stm8s_it.o [1]
_interrupt_26           0x009c73         Code  Gb  stm8s_it.o [1]
_interrupt_3            0x009c64         Code  Gb  stm8s_it.o [1]
_interrupt_4            0x009c65         Code  Gb  stm8s_it.o [1]
_interrupt_5            0x009c66         Code  Gb  stm8s_it.o [1]
_interrupt_6            0x009c67         Code  Gb  stm8s_it.o [1]
_interrupt_7            0x009c68         Code  Gb  stm8s_it.o [1]
_interrupt_8            0x009c69         Code  Gb  stm8s_it.o [1]
_interrupt_9            0x009c6a         Code  Gb  stm8s_it.o [1]
adDetectTask            0x00888a   0xe1  Code  Gb  Logic.o [1]
adcSingleRead           0x0093d0   0x3c  Code  Gb  bsp.o [1]
adc_init                0x00979e   0x29  Code  Lc  bsp.o [1]
assert_failed           0x009c60    0x2  Code  Gb  main.o [1]
batInfo                 0x000062    0xe  Data  Gb  Logic.o [1]
batTable                0x009478   0x32  Data  Gb  Logic.o [1]
batterVoltOffset        0x009c3e    0x4  Data  Gb  adConvert.o [1]
buffer                  0x008dbc   0x9b  Code  Gb  adConvert.o [1]
chargeBatCurOffset      0x009c36    0x4  Data  Gb  adConvert.o [1]
chargeUsbCurOffset      0x009c3a    0x4  Data  Gb  adConvert.o [1]
delay_ms                0x009ac1   0x1b  Code  Gb  delay.o [1]
delay_us                0x009b35   0x15  Code  Gb  delay.o [1]
display_default         0x009818   0x28  Code  Gb  Display.o [1]
display_led             0x009066   0x64  Code  Gb  Display.o [1]
display_machineMode_led
                        0x009443   0x35  Code  Gb  Display.o [1]
display_num             0x00868f  0x104  Code  Gb  Display.o [1]
exit                    0x009c58    0x3  Code  Gb  exit.o [4]
feedDog                 0x009c46    0x4  Code  Gb  bsp.o [1]
finishChargeAction      0x009c1d    0x5  Code  Lc  Logic.o [1]
getBatConnectSta        0x009b85   0x13  Code  Gb  bsp.o [1]
getChargeBatVolt        0x009c18    0x5  Code  Gb  Logic.o [1]
getChargeCapacity       0x009bfa    0x8  Code  Gb  Logic.o [1]
getChargeCurrent        0x009bf2    0x8  Code  Gb  Logic.o [1]
getChargePercent        0x008ef2   0x83  Code  Gb  Logic.o [1]
getD24Sta               0x009b98   0x13  Code  Gb  bsp.o [1]
getKeyStatus            0x009606   0x2f  Code  Gb  key.o [1]
getKeySwSta             0x009b72   0x13  Code  Gb  bsp.o [1]
iBackConvert            0x009a30   0x1e  Code  Gb  adConvert.o [1]
iBatBuf                 0x000042   0x10  Data  Gb  adConvert.o [1]
iBatBufSta              0x000085    0x6  Data  Gb  adConvert.o [1]
iUsbBuf                 0x000052   0x10  Data  Gb  adConvert.o [1]
iUsbBufSta              0x00008b    0x6  Data  Gb  adConvert.o [1]
iUsbConvert             0x009a4e   0x1e  Code  Gb  adConvert.o [1]
inVoltOffset            0x009c42    0x4  Data  Gb  adConvert.o [1]
initVal                 0x009c5e    0x2  Data  Gb  Display.o [1]
iwdg_init               0x009af3   0x16  Code  Gb  bsp.o [1]
judgeBatStatus          0x008ff6   0x70  Code  Gb  Logic.o [1]
judgeBatType            0x009307   0x48  Code  Gb  Logic.o [1]
judgeInStatus           0x008c6c   0xae  Code  Gb  Logic.o [1]
judgeUsbCurrent         0x009a8a   0x1c  Code  Gb  Logic.o [1]
keyDetTask              0x009c0a    0x7  Code  Gb  Logic.o [1]
keySta                  0x00001a    0x2  Data  Lc  Logic.o [1]
key_task                0x0098fb   0x22  Code  Gb  key.o [1]
logicTask               0x00831d  0x260  Code  Gb  Logic.o [1]
logic_init              0x0097c7   0x29  Code  Gb  Logic.o [1]
main                    0x0092bd   0x4a  Code  Gb  main.o [1]
regValBackup            0x00009b    0x2  Data  Gb  Display.o [1]
set5VResource           0x00991d   0x21  Code  Gb  bsp.o [1]
setChargeCtrlSta        0x009980   0x21  Code  Gb  bsp.o [1]
setUSB1ALedSta          0x00995f   0x21  Code  Gb  bsp.o [1]
setUSB2ALedSta          0x00993e   0x21  Code  Gb  bsp.o [1]
sysInit                 0x008e57   0x9b  Code  Gb  bsp.o [1]
sysTick                 0x000070    0x9  Data  Gb  main.o [1]
tim                     0x000091    0x6  Data  Gb  bsp.o [1]
tim1_init               0x009868   0x27  Code  Gb  bsp.o [1]
tim1_vector             0x008f75   0x81  Code  Gb  main.o [1]
tim4_init               0x0099d4   0x20  Code  Gb  bsp.o [1]
tim4_vector             0x00940c   0x37  Code  Gb  bsp.o [1]
vBackConvert            0x0099f4   0x1e  Code  Gb  adConvert.o [1]
vBatBuf                 0x000022   0x10  Data  Gb  adConvert.o [1]
vBatBufSta              0x000079    0x6  Data  Gb  adConvert.o [1]
vInBuf                  0x000032   0x10  Data  Gb  adConvert.o [1]
vInBufSta               0x00007f    0x6  Data  Gb  adConvert.o [1]
vInConvert              0x009a12   0x1e  Code  Gb  adConvert.o [1]


[1] = F:\Project\chargeBoxForStm8s\Debug\Obj
[2] = command line
[3] = dbgstm8smd.a
[4] = dlstm8smn.a

  6 754 bytes of readonly  code memory
    531 bytes of readonly  data memory
    416 bytes of readwrite data memory

Errors: none
Warnings: none
