###############################################################################
#
# IAR ELF Linker V2.20.1.176 for STM8                     05/Jan/2018  01:53:41
# Copyright 2010-2015 IAR Systems AB.
#
#    Output file  =  F:\Project\chargeBoxForStm8s\Debug\Exe\cbox.out
#    Map file     =  F:\Project\chargeBoxForStm8s\Debug\List\cbox.map
#    Command line =  
#        F:\Project\chargeBoxForStm8s\Debug\Obj\adConvert.o
#        F:\Project\chargeBoxForStm8s\Debug\Obj\bsp.o
#        F:\Project\chargeBoxForStm8s\Debug\Obj\delay.o
#        F:\Project\chargeBoxForStm8s\Debug\Obj\Display.o
#        F:\Project\chargeBoxForStm8s\Debug\Obj\key.o
#        F:\Project\chargeBoxForStm8s\Debug\Obj\led.o
#        F:\Project\chargeBoxForStm8s\Debug\Obj\Logic.o
#        F:\Project\chargeBoxForStm8s\Debug\Obj\main.o
#        F:\Project\chargeBoxForStm8s\Debug\Obj\stm8s_adc1.o
#        F:\Project\chargeBoxForStm8s\Debug\Obj\stm8s_awu.o
#        F:\Project\chargeBoxForStm8s\Debug\Obj\stm8s_beep.o
#        F:\Project\chargeBoxForStm8s\Debug\Obj\stm8s_clk.o
#        F:\Project\chargeBoxForStm8s\Debug\Obj\stm8s_exti.o
#        F:\Project\chargeBoxForStm8s\Debug\Obj\stm8s_flash.o
#        F:\Project\chargeBoxForStm8s\Debug\Obj\stm8s_gpio.o
#        F:\Project\chargeBoxForStm8s\Debug\Obj\stm8s_i2c.o
#        F:\Project\chargeBoxForStm8s\Debug\Obj\stm8s_it.o
#        F:\Project\chargeBoxForStm8s\Debug\Obj\stm8s_itc.o
#        F:\Project\chargeBoxForStm8s\Debug\Obj\stm8s_iwdg.o
#        F:\Project\chargeBoxForStm8s\Debug\Obj\stm8s_rst.o
#        F:\Project\chargeBoxForStm8s\Debug\Obj\stm8s_spi.o
#        F:\Project\chargeBoxForStm8s\Debug\Obj\stm8s_tim1.o
#        F:\Project\chargeBoxForStm8s\Debug\Obj\stm8s_tim2.o
#        F:\Project\chargeBoxForStm8s\Debug\Obj\stm8s_tim4.o
#        F:\Project\chargeBoxForStm8s\Debug\Obj\stm8s_uart1.o
#        F:\Project\chargeBoxForStm8s\Debug\Obj\stm8s_wwdg.o
#        F:\Project\chargeBoxForStm8s\Debug\Obj\test.o --redirect
#        _Printf=_PrintfSmall --redirect _Scanf=_ScanfSmall -o
#        F:\Project\chargeBoxForStm8s\Debug\Exe\cbox.out --map
#        F:\Project\chargeBoxForStm8s\Debug\List\cbox.map --config "H:\Program
#        Files (x86)\IAR Systems\Embedded Workbench
#        7.3\stm8\config\lnkstm8s003f3.icf" --config_def _CSTACK_SIZE=0x100
#        --config_def _HEAP_SIZE=0x100 --entry __iar_program_start --debug_lib
#
###############################################################################

*******************************************************************************
*** RUNTIME MODEL ATTRIBUTES
***

__SystemLibrary            = DLib
__code_model               = small
__core                     = stm8
__data_model               = medium
__dlib_file_descriptor     = 0
__dlib_full_locale_support = 0
__rt_version               = 4


*******************************************************************************
*** PLACEMENT SUMMARY
***

"A1":  place at start of [0x000000-0x0000ff] { rw section .vregs };
"A2":  place at end of [0x000000-0x0003ff] { block CSTACK };
"P2":  place in [from 0x000000 to 0x0003ff] {
          block HEAP, rw section __DLIB_PERTHREAD, rw section .far.bss,
          rw section .far.data, rw section .far.noinit,
          rw section .far_func.textrw, rw section .huge.bss,
          rw section .huge.data, rw section .huge.noinit,
          rw section .huge_func.textrw, rw section .iar.dynexit,
          rw section .near.bss, rw section .near.data, rw section .near.noinit,
          rw section .near_func.textrw };
"A3":  place at start of [0x008000-0x009fff] { block INTVEC };
"P3":  place in [from 0x008000 to 0x009fff] {
          ro section __DLIB_PERTHREAD_init, ro section .far.data_init,
          ro section .far_func.textrw_init, ro section .huge.data_init,
          ro section .huge_func.textrw_init, ro section .iar.init_table,
          ro section .init_array, ro section .near.data_init,
          ro section .near.rodata, ro section .near_func.text,
          ro section .near_func.textrw_init, ro section .tiny.data_init,
          ro section .tiny.rodata_init };

  Section            Kind      Address   Size  Object
  -------            ----      -------   ----  ------
"A1":                                    0x10
  .vregs             uninit   0x000000   0x10  vregs.o [4]
                            - 0x000010   0x10

"P2":                                    0x14
  P2-1                        0x000010   0x14  <Init block>
    .near.data       inited   0x000010    0xa  Display.o [1]
    .near.data       inited   0x00001a    0x1  test.o [1]
    .near.bss        inited   0x00001b    0x4  Display.o [1]
    .near.bss        inited   0x00001f    0x1  Display.o [1]
    .near.bss        inited   0x000020    0x1  key.o [1]
    .near.bss        inited   0x000021    0x1  key.o [1]
    .near.bss        inited   0x000022    0x1  test.o [1]
    .near.bss        inited   0x000023    0x1  test.o [1]
                            - 0x000024   0x14

"A2":                                   0x100
  CSTACK                      0x000300  0x100  <Block>
    CSTACK           uninit   0x000300  0x100  <Block tail>
                            - 0x000400  0x100

"A3":                                    0x80
  INTVEC                      0x008000   0x80  <Block>
    .intvec          const    0x008000   0x80  interrupt.o [4]
                            - 0x008080   0x80

"P3":                                   0xea6
  .near_func.text    ro code  0x008080  0x1da  float.o [4]
  .near_func.text    ro code  0x00825a  0x112  stm8s_gpio.o [1]
  .near_func.text    ro code  0x00836c   0xf7  stm8s_adc1.o [1]
  .near_func.text    ro code  0x008463   0xc0  Display.o [1]
  .near_func.text    ro code  0x008523   0xbe  stm8s_adc1.o [1]
  .near_func.text    ro code  0x0085e1   0xbc  stm8s_adc1.o [1]
  .near_func.text    ro code  0x00869d   0xb5  stm8s_adc1.o [1]
  .near_func.text    ro code  0x008752   0xa2  bsp.o [1]
  .near_func.text    ro code  0x0087f4   0x96  bsp.o [1]
  .near_func.text    ro code  0x00888a   0x84  test.o [1]
  .near_func.text    ro code  0x00890e   0x7d  Display.o [1]
  .near_func.text    ro code  0x00898b   0x78  vreg_util.o [4]
  .near_func.text    ro code  0x008a03   0x55  stm8s_adc1.o [1]
  .near_func.text    ro code  0x008a58   0x53  stm8s_adc1.o [1]
  .near_func.text    ro code  0x008aab   0x46  bsp.o [1]
  .near_func.text    ro code  0x008af1   0x3d  stm8s_clk.o [1]
  .near_func.text    ro code  0x008b2e   0x38  test.o [1]
  .near_func.text    ro code  0x008b66   0x33  Display.o [1]
  .near_func.text    ro code  0x008b99   0x33  Display.o [1]
  .near.rodata       const    0x008bcc   0x32  stm8s_adc1.o [1]
  .near.rodata       const    0x008bfe   0x32  stm8s_gpio.o [1]
  .near.rodata       const    0x008c30   0x31  stm8s_clk.o [1]
  .near_func.text    ro code  0x008c61   0x31  stm8s_adc1.o [1]
  .near_func.text    ro code  0x008c92   0x30  key.o [1]
  .near_func.text    ro code  0x008cc2   0x2f  key.o [1]
  .near_func.text    ro code  0x008cf1   0x2f  stm8s_adc1.o [1]
  .near_func.text    ro code  0x008d20   0x2c  bsp.o [1]
  .near_func.text    ro code  0x008d4c   0x2a  bsp.o [1]
  .near_func.text    ro code  0x008d76   0x2a  bsp.o [1]
  .near_func.text    ro code  0x008da0   0x29  bsp.o [1]
  .near_func.text    ro code  0x008dc9   0x28  init_small.o [4]
  .iar.init_table    const    0x008df1    0xa  - Linker created -
  .near_func.text    ro code  0x008dfb   0x1b  bsp.o [1]
  .near_func.text    ro code  0x008e16   0x1b  delay.o [1]
  .near_func.text    ro code  0x008e31   0x17  main.o [1]
  .near_func.text    ro code  0x008e48   0x17  init.o [4]
  .near_func.text    ro code  0x008e5f   0x15  delay.o [1]
  .near_func.text    ro code  0x008e74   0x14  __dbg_xxexit.o [3]
  Initializer bytes  const    0x008e88   0x14  <for P2-1>
  .near_func.text    ro code  0x008e9c   0x13  bsp.o [1]
  .near_func.text    ro code  0x008eaf   0x13  cstartup.o [4]
  .near_func.text    ro code  0x008ec2    0xf  short.o [4]
  .near_func.text    ro code  0x008ed1    0xd  dc_util.o [4]
  .near_func.text    ro code  0x008ede    0xc  long_util.o [4]
  .near_func.text    ro code  0x008eea    0x8  stm8s_gpio.o [1]
  .near_func.text    ro code  0x008ef2    0x7  stm8s_gpio.o [1]
  .near_func.text    ro code  0x008ef9    0x5  stm8s_adc1.o [1]
  .near_func.text    ro code  0x008efe    0x5  cexit.o [4]
  .near_func.text    ro code  0x008f03    0x3  interrupt.o [4]
  .near_func.text    ro code  0x008f06    0x3  low_level_init.o [4]
  .near_func.text    ro code  0x008f09    0x3  exit.o [4]
  .near_func.text    ro code  0x008f0c    0x3  unhandled_exception.o [4]
  .near_func.text    ro code  0x008f0f    0x2  main.o [1]
  .near_func.text    ro code  0x008f11    0x1  stm8s_it.o [1]
  .near_func.text    ro code  0x008f12    0x1  stm8s_it.o [1]
  .near_func.text    ro code  0x008f13    0x1  stm8s_it.o [1]
  .near_func.text    ro code  0x008f14    0x1  stm8s_it.o [1]
  .near_func.text    ro code  0x008f15    0x1  stm8s_it.o [1]
  .near_func.text    ro code  0x008f16    0x1  stm8s_it.o [1]
  .near_func.text    ro code  0x008f17    0x1  stm8s_it.o [1]
  .near_func.text    ro code  0x008f18    0x1  stm8s_it.o [1]
  .near_func.text    ro code  0x008f19    0x1  stm8s_it.o [1]
  .near_func.text    ro code  0x008f1a    0x1  stm8s_it.o [1]
  .near_func.text    ro code  0x008f1b    0x1  stm8s_it.o [1]
  .near_func.text    ro code  0x008f1c    0x1  stm8s_it.o [1]
  .near_func.text    ro code  0x008f1d    0x1  stm8s_it.o [1]
  .near_func.text    ro code  0x008f1e    0x1  stm8s_it.o [1]
  .near_func.text    ro code  0x008f1f    0x1  stm8s_it.o [1]
  .near_func.text    ro code  0x008f20    0x1  stm8s_it.o [1]
  .near_func.text    ro code  0x008f21    0x1  stm8s_it.o [1]
  .near_func.text    ro code  0x008f22    0x1  stm8s_it.o [1]
  .near_func.text    ro code  0x008f23    0x1  stm8s_it.o [1]
  .near_func.text    ro code  0x008f24    0x1  stm8s_it.o [1]
  .near_func.text    ro code  0x008f25    0x1  __dbg_break.o [3]
                            - 0x008f26  0xea6


*******************************************************************************
*** INIT TABLE
***

          Address   Size
          -------   ----
Copy (__iar_copy_init2)
    1 source range, total size 0x14:
          0x008e88  0x14
    1 destination range, total size 0x14:
          0x000010  0x14



*******************************************************************************
*** MODULE SUMMARY
***

    Module                 ro code  ro data  rw data
    ------                 -------  -------  -------
F:\Project\chargeBoxForStm8s\Debug\Obj: [1]
    Display.o                  419       15       15
    bsp.o                      597
    delay.o                     48
    key.o                       95        2        2
    main.o                      25
    stm8s_adc1.o             1 075       50
    stm8s_clk.o                 61       49
    stm8s_gpio.o               289       50
    stm8s_it.o                  20
    test.o                     188        3        3
    ------------------------------------------------
    Total:                   2 817      169       20

command line: [2]
    ------------------------------------------------
    Total:

dbgstm8smd.a: [3]
    __dbg_break.o                1
    __dbg_xxexit.o              20
    ------------------------------------------------
    Total:                      21

dlstm8smn.a: [4]
    cexit.o                      5
    cstartup.o                  19
    dc_util.o                   13
    exit.o                       3
    float.o                    474
    init.o                      23
    init_small.o                40
    interrupt.o                  3      128
    long_util.o                 12
    low_level_init.o             3
    short.o                     15
    unhandled_exception.o        3
    vreg_util.o                120
    vregs.o                                       16
    ------------------------------------------------
    Total:                     733      128       16

    Linker created                       10      256
----------------------------------------------------
    Grand Total:             3 571      307      292


*******************************************************************************
*** ENTRY LIST
***

Entry                    Address   Size  Type      Object
-----                    -------   ----  ----      ------
.iar.init_table$$Base   0x008df1          --   Gb  - Linker created -
.iar.init_table$$Limit  0x008dfb          --   Gb  - Linker created -
?b0                     0x000000         Data  Gb  vregs.o [4]
?b1                     0x000001         Data  Gb  vregs.o [4]
?b10                    0x00000a         Data  Gb  vregs.o [4]
?b11                    0x00000b         Data  Gb  vregs.o [4]
?b12                    0x00000c         Data  Gb  vregs.o [4]
?b13                    0x00000d         Data  Gb  vregs.o [4]
?b14                    0x00000e         Data  Gb  vregs.o [4]
?b15                    0x00000f         Data  Gb  vregs.o [4]
?b2                     0x000002         Data  Gb  vregs.o [4]
?b3                     0x000003         Data  Gb  vregs.o [4]
?b4                     0x000004         Data  Gb  vregs.o [4]
?b5                     0x000005         Data  Gb  vregs.o [4]
?b6                     0x000006         Data  Gb  vregs.o [4]
?b7                     0x000007         Data  Gb  vregs.o [4]
?b8                     0x000008         Data  Gb  vregs.o [4]
?b9                     0x000009         Data  Gb  vregs.o [4]
?dc32_l1                0x008ed1         Code  Gb  dc_util.o [4]
?e0                     0x000001         Data  Gb  vregs.o [4]
?e1                     0x000005         Data  Gb  vregs.o [4]
?e2                     0x000009         Data  Gb  vregs.o [4]
?e3                     0x00000d         Data  Gb  vregs.o [4]
?epilogue_l2            0x0089e7         Code  Gb  vreg_util.o [4]
?epilogue_w4            0x0089eb         Code  Gb  vreg_util.o [4]
?fcastf32u16_l0_x       0x00811a         Code  Gb  float.o [4]
?fcasts16f32_x_l0       0x008138         Code  Gb  float.o [4]
?fmul32_l0_l0_dc32      0x008080         Code  Gb  float.o [4]
?fmul32_l0_l0_l1        0x008085         Code  Gb  float.o [4]
?l0                     0x000000         Data  Gb  vregs.o [4]
?l1                     0x000004         Data  Gb  vregs.o [4]
?l2                     0x000008         Data  Gb  vregs.o [4]
?l3                     0x00000c         Data  Gb  vregs.o [4]
?load32_l1_0x           0x008ede         Code  Gb  long_util.o [4]
?mov_e0_e1              0x0089f9         Code  Gb  vreg_util.o [4]
?mov_l0_l1              0x0089f6         Code  Gb  vreg_util.o [4]
?mov_w0_w1              0x0089ef         Code  Gb  vreg_util.o [4]
?mov_w1_w3              0x0089fc         Code  Gb  vreg_util.o [4]
?pop_l2                 0x0089d4         Code  Gb  vreg_util.o [4]
?pop_w4                 0x0089a3         Code  Gb  vreg_util.o [4]
?push_l2                0x0089b2         Code  Gb  vreg_util.o [4]
?push_w4                0x00898b         Code  Gb  vreg_util.o [4]
?sll16_x_x_4            0x008ecc         Code  Gb  short.o [4]
?sll16_x_x_5            0x008ecb         Code  Gb  short.o [4]
?sll16_x_x_6            0x008eca         Code  Gb  short.o [4]
?sll16_x_x_a            0x008ec2         Code  Gb  short.o [4]
?w0                     0x000000         Data  Gb  vregs.o [4]
?w1                     0x000002         Data  Gb  vregs.o [4]
?w2                     0x000004         Data  Gb  vregs.o [4]
?w3                     0x000006         Data  Gb  vregs.o [4]
?w4                     0x000008         Data  Gb  vregs.o [4]
?w5                     0x00000a         Data  Gb  vregs.o [4]
?w6                     0x00000c         Data  Gb  vregs.o [4]
?w7                     0x00000e         Data  Gb  vregs.o [4]
ADC1_ClearFlag          0x00869d   0xb5  Code  Gb  stm8s_adc1.o [1]
ADC1_Cmd                0x008cf1   0x2f  Code  Gb  stm8s_adc1.o [1]
ADC1_ConversionConfig   0x008523   0xbe  Code  Gb  stm8s_adc1.o [1]
ADC1_DeInit             0x008c61   0x31  Code  Gb  stm8s_adc1.o [1]
ADC1_GetConversionValue
                        0x008a58   0x53  Code  Gb  stm8s_adc1.o [1]
ADC1_GetFlagStatus      0x0085e1   0xbc  Code  Gb  stm8s_adc1.o [1]
ADC1_IRQHandler         0x008f22    0x1  Code  Gb  stm8s_it.o [1]
ADC1_PrescalerConfig    0x008a03   0x55  Code  Gb  stm8s_adc1.o [1]
ADC1_SchmittTriggerConfig
                        0x00836c   0xf7  Code  Gb  stm8s_adc1.o [1]
ADC1_StartConversion    0x008ef9    0x5  Code  Gb  stm8s_adc1.o [1]
AWU_IRQHandler          0x008f13    0x1  Code  Gb  stm8s_it.o [1]
CLK_HSIPrescalerConfig  0x008af1   0x3d  Code  Gb  stm8s_clk.o [1]
CLK_IRQHandler          0x008f14    0x1  Code  Gb  stm8s_it.o [1]
CSTACK$$Base            0x000300          --   Gb  - Linker created -
CSTACK$$Limit           0x000400          --   Gb  - Linker created -
EEPROM_EEC_IRQHandler   0x008f24    0x1  Code  Gb  stm8s_it.o [1]
EXTI_PORTA_IRQHandler   0x008f15    0x1  Code  Gb  stm8s_it.o [1]
EXTI_PORTB_IRQHandler   0x008f16    0x1  Code  Gb  stm8s_it.o [1]
EXTI_PORTC_IRQHandler   0x008f17    0x1  Code  Gb  stm8s_it.o [1]
EXTI_PORTD_IRQHandler   0x008f18    0x1  Code  Gb  stm8s_it.o [1]
EXTI_PORTE_IRQHandler   0x008f19    0x1  Code  Gb  stm8s_it.o [1]
GPIO_Init               0x00825a  0x112  Code  Gb  stm8s_gpio.o [1]
GPIO_WriteHigh          0x008ef2    0x7  Code  Gb  stm8s_gpio.o [1]
GPIO_WriteLow           0x008eea    0x8  Code  Gb  stm8s_gpio.o [1]
I2C_IRQHandler          0x008f21    0x1  Code  Gb  stm8s_it.o [1]
INTVEC$$Base            0x008000          --   Gb  - Linker created -
INTVEC$$Limit           0x008080          --   Gb  - Linker created -
Number                  0x000010    0xa  Data  Lc  Display.o [1]
Region$$Table$$Base     0x008df1          --   Gb  - Linker created -
Region$$Table$$Limit    0x008dfb          --   Gb  - Linker created -
SPI_IRQHandler          0x008f1a    0x1  Code  Gb  stm8s_it.o [1]
TIM1_CAP_COM_IRQHandler
                        0x008f1c    0x1  Code  Gb  stm8s_it.o [1]
TIM1_UPD_OVF_TRG_BRK_IRQHandler
                        0x008f1b    0x1  Code  Gb  stm8s_it.o [1]
TIM2_CAP_COM_IRQHandler
                        0x008f1e    0x1  Code  Gb  stm8s_it.o [1]
TIM2_UPD_OVF_BRK_IRQHandler
                        0x008f1d    0x1  Code  Gb  stm8s_it.o [1]
TIM4_UPD_OVF_IRQHandler
                        0x008f23    0x1  Code  Gb  stm8s_it.o [1]
TLI_IRQHandler          0x008f12    0x1  Code  Gb  stm8s_it.o [1]
TM1650_Init             0x008d20   0x2c  Code  Gb  bsp.o [1]
TM1650_Set              0x008dfb   0x1b  Code  Gb  bsp.o [1]
TM_Start                0x008d4c   0x2a  Code  Gb  bsp.o [1]
TM_Stop                 0x008d76   0x2a  Code  Gb  bsp.o [1]
TM_w_BYTE               0x008752   0xa2  Code  Gb  bsp.o [1]
TRAP_IRQHandler         0x008f11    0x1  Code  Gb  stm8s_it.o [1]
UART1_RX_IRQHandler     0x008f20    0x1  Code  Gb  stm8s_it.o [1]
UART1_TX_IRQHandler     0x008f1f    0x1  Code  Gb  stm8s_it.o [1]
__DebugBreak            0x008f25    0x1  Code  Gb  __dbg_break.o [3]
__exit                  0x008e74   0x14  Code  Gb  __dbg_xxexit.o [3]
__iar_copy_init2        0x008dc9         Code  Gb  init_small.o [4]
__iar_data_init2        0x008e48   0x17  Code  Gb  init.o [4]
__iar_program_start     0x008eaf         Code  Gb  cstartup.o [4]
__iar_unhandled_exception
                        0x008f0c         Code  Gb  unhandled_exception.o [4]
__intvec                0x008000         Data  Gb  interrupt.o [4]
__low_level_init        0x008f06    0x3  Code  Gb  low_level_init.o [4]
_exit                   0x008efe         Code  Gb  cexit.o [4]
_interrupt_1            0x008f11         Code  Gb  stm8s_it.o [1]
_interrupt_12           0x008f1a         Code  Gb  stm8s_it.o [1]
_interrupt_13           0x008f1b         Code  Gb  stm8s_it.o [1]
_interrupt_14           0x008f1c         Code  Gb  stm8s_it.o [1]
_interrupt_15           0x008f1d         Code  Gb  stm8s_it.o [1]
_interrupt_16           0x008f1e         Code  Gb  stm8s_it.o [1]
_interrupt_19           0x008f1f         Code  Gb  stm8s_it.o [1]
_interrupt_2            0x008f12         Code  Gb  stm8s_it.o [1]
_interrupt_20           0x008f20         Code  Gb  stm8s_it.o [1]
_interrupt_21           0x008f21         Code  Gb  stm8s_it.o [1]
_interrupt_24           0x008f22         Code  Gb  stm8s_it.o [1]
_interrupt_25           0x008f23         Code  Gb  stm8s_it.o [1]
_interrupt_26           0x008f24         Code  Gb  stm8s_it.o [1]
_interrupt_3            0x008f13         Code  Gb  stm8s_it.o [1]
_interrupt_4            0x008f14         Code  Gb  stm8s_it.o [1]
_interrupt_5            0x008f15         Code  Gb  stm8s_it.o [1]
_interrupt_6            0x008f16         Code  Gb  stm8s_it.o [1]
_interrupt_7            0x008f17         Code  Gb  stm8s_it.o [1]
_interrupt_8            0x008f18         Code  Gb  stm8s_it.o [1]
_interrupt_9            0x008f19         Code  Gb  stm8s_it.o [1]
adcSingleRead           0x008aab   0x46  Code  Gb  bsp.o [1]
adc_init                0x008da0   0x29  Code  Lc  bsp.o [1]
assert_failed           0x008f0f    0x2  Code  Gb  main.o [1]
delay_ms                0x008e16   0x1b  Code  Gb  delay.o [1]
delay_us                0x008e5f   0x15  Code  Gb  delay.o [1]
dispaly_num             0x008463   0xc0  Code  Gb  Display.o [1]
display_chargeFinish_led
                        0x008b99   0x33  Code  Gb  Display.o [1]
display_led             0x00890e   0x7d  Code  Gb  Display.o [1]
display_machineMode_led
                        0x008b66   0x33  Code  Gb  Display.o [1]
exit                    0x008f09    0x3  Code  Gb  exit.o [4]
getKeyStatus            0x008cc2   0x2f  Code  Gb  key.o [1]
getKeySwSta             0x008e9c   0x13  Code  Gb  bsp.o [1]
keyVal                  0x000020    0x1  Data  Gb  key.o [1]
keyValTest              0x000022    0x1  Data  Gb  test.o [1]
key_task                0x008c92   0x30  Code  Gb  key.o [1]
main                    0x008e31   0x17  Code  Gb  main.o [1]
regValBackup            0x00001b    0x4  Data  Gb  Display.o [1]
sysInit                 0x0087f4   0x96  Code  Gb  bsp.o [1]
test_displayAd          0x008b2e   0x38  Code  Gb  test.o [1]
test_key_task           0x00888a   0x84  Code  Gb  test.o [1]
test_part               0x00001a    0x1  Data  Gb  test.o [1]


[1] = F:\Project\chargeBoxForStm8s\Debug\Obj
[2] = command line
[3] = dbgstm8smd.a
[4] = dlstm8smn.a

  3 571 bytes of readonly  code memory
    307 bytes of readonly  data memory
    292 bytes of readwrite data memory

Errors: none
Warnings: none
