###############################################################################
#
# IAR ELF Linker V2.20.1.176 for STM8                     19/Dec/2017  23:18:16
# Copyright 2010-2015 IAR Systems AB.
#
#    Output file  =  F:\Project\chargeBoxForStm8s\Debug\Exe\cbox.out
#    Map file     =  F:\Project\chargeBoxForStm8s\Debug\List\cbox.map
#    Command line =  
#        F:\Project\chargeBoxForStm8s\Debug\Obj\bsp.o
#        F:\Project\chargeBoxForStm8s\Debug\Obj\delay.o
#        F:\Project\chargeBoxForStm8s\Debug\Obj\led.o
#        F:\Project\chargeBoxForStm8s\Debug\Obj\main.o
#        F:\Project\chargeBoxForStm8s\Debug\Obj\stm8s_adc1.o
#        F:\Project\chargeBoxForStm8s\Debug\Obj\stm8s_awu.o
#        F:\Project\chargeBoxForStm8s\Debug\Obj\stm8s_beep.o
#        F:\Project\chargeBoxForStm8s\Debug\Obj\stm8s_clk.o
#        F:\Project\chargeBoxForStm8s\Debug\Obj\stm8s_exti.o
#        F:\Project\chargeBoxForStm8s\Debug\Obj\stm8s_flash.o
#        F:\Project\chargeBoxForStm8s\Debug\Obj\stm8s_gpio.o
#        F:\Project\chargeBoxForStm8s\Debug\Obj\stm8s_i2c.o
#        F:\Project\chargeBoxForStm8s\Debug\Obj\stm8s_it.o
#        F:\Project\chargeBoxForStm8s\Debug\Obj\stm8s_itc.o
#        F:\Project\chargeBoxForStm8s\Debug\Obj\stm8s_iwdg.o
#        F:\Project\chargeBoxForStm8s\Debug\Obj\stm8s_rst.o
#        F:\Project\chargeBoxForStm8s\Debug\Obj\stm8s_spi.o
#        F:\Project\chargeBoxForStm8s\Debug\Obj\stm8s_tim1.o
#        F:\Project\chargeBoxForStm8s\Debug\Obj\stm8s_tim2.o
#        F:\Project\chargeBoxForStm8s\Debug\Obj\stm8s_tim4.o
#        F:\Project\chargeBoxForStm8s\Debug\Obj\stm8s_uart1.o
#        F:\Project\chargeBoxForStm8s\Debug\Obj\stm8s_wwdg.o --redirect
#        _Printf=_PrintfSmall --redirect _Scanf=_ScanfSmall -o
#        F:\Project\chargeBoxForStm8s\Debug\Exe\cbox.out --map
#        F:\Project\chargeBoxForStm8s\Debug\List\cbox.map --config "H:\Program
#        Files (x86)\IAR Systems\Embedded Workbench
#        7.3\stm8\config\lnkstm8s003f3.icf" --config_def _CSTACK_SIZE=0x100
#        --config_def _HEAP_SIZE=0x100 --entry __iar_program_start --debug_lib
#
###############################################################################

*******************************************************************************
*** RUNTIME MODEL ATTRIBUTES
***

__SystemLibrary            = DLib
__code_model               = small
__core                     = stm8
__data_model               = medium
__dlib_file_descriptor     = 0
__dlib_full_locale_support = 0
__rt_version               = 4


*******************************************************************************
*** PLACEMENT SUMMARY
***

"A1":  place at start of [0x000000-0x0000ff] { rw section .vregs };
"A2":  place at end of [0x000000-0x0003ff] { block CSTACK };
"A3":  place at start of [0x008000-0x009fff] { block INTVEC };
"P3":  place in [from 0x008000 to 0x009fff] {
          ro section __DLIB_PERTHREAD_init, ro section .far.data_init,
          ro section .far_func.textrw_init, ro section .huge.data_init,
          ro section .huge_func.textrw_init, ro section .iar.init_table,
          ro section .init_array, ro section .near.data_init,
          ro section .near.rodata, ro section .near_func.text,
          ro section .near_func.textrw_init, ro section .tiny.data_init,
          ro section .tiny.rodata_init };

  Section          Kind      Address   Size  Object
  -------          ----      -------   ----  ------
"A1":                                  0x10
  .vregs           uninit   0x000000   0x10  vregs.o [4]
                          - 0x000010   0x10

"A2":                                 0x100
  CSTACK                    0x000300  0x100  <Block>
    CSTACK         uninit   0x000300  0x100  <Block tail>
                          - 0x000400  0x100

"A3":                                  0x80
  INTVEC                    0x008000   0x80  <Block>
    .intvec        const    0x008000   0x80  interrupt.o [4]
                          - 0x008080   0x80

"P3":                                 0x65d
  .near_func.text  ro code  0x008080  0x133  stm8s_clk.o [1]
  .near_func.text  ro code  0x0081b3  0x112  stm8s_gpio.o [1]
  .near_func.text  ro code  0x0082c5   0xb8  bsp.o [1]
  .near_func.text  ro code  0x00837d   0x8b  stm8s_clk.o [1]
  .near_func.text  ro code  0x008408   0x64  vreg_util.o [4]
  .near_func.text  ro code  0x00846c   0x3d  stm8s_clk.o [1]
  .near_func.text  ro code  0x0084a9   0x36  stm8s_clk.o [1]
  .near.rodata     const    0x0084df   0x32  stm8s_adc1.o [1]
  .near.rodata     const    0x008511   0x32  stm8s_gpio.o [1]
  .near.rodata     const    0x008543   0x31  stm8s_clk.o [1]
  .near_func.text  ro code  0x008574   0x31  stm8s_adc1.o [1]
  .near_func.text  ro code  0x0085a5   0x2f  stm8s_adc1.o [1]
  .near_func.text  ro code  0x0085d4   0x26  delay.o [1]
  .near_func.text  ro code  0x0085fa   0x23  main.o [1]
  .near_func.text  ro code  0x00861d   0x21  bsp.o [1]
  .near_func.text  ro code  0x00863e   0x21  bsp.o [1]
  .near_func.text  ro code  0x00865f   0x17  init.o [4]
  .near_func.text  ro code  0x008676   0x14  __dbg_xxexit.o [3]
  .near_func.text  ro code  0x00868a   0x13  cstartup.o [4]
  .near_func.text  ro code  0x00869d    0x9  delay.o [1]
  .near_func.text  ro code  0x0086a6    0x8  stm8s_gpio.o [1]
  .near_func.text  ro code  0x0086ae    0x7  stm8s_gpio.o [1]
  .near_func.text  ro code  0x0086b5    0x5  cexit.o [4]
  .near_func.text  ro code  0x0086ba    0x3  interrupt.o [4]
  .near_func.text  ro code  0x0086bd    0x3  low_level_init.o [4]
  .near_func.text  ro code  0x0086c0    0x3  exit.o [4]
  .near_func.text  ro code  0x0086c3    0x3  unhandled_exception.o [4]
  .near_func.text  ro code  0x0086c6    0x2  main.o [1]
  .near_func.text  ro code  0x0086c8    0x1  stm8s_it.o [1]
  .near_func.text  ro code  0x0086c9    0x1  stm8s_it.o [1]
  .near_func.text  ro code  0x0086ca    0x1  stm8s_it.o [1]
  .near_func.text  ro code  0x0086cb    0x1  stm8s_it.o [1]
  .near_func.text  ro code  0x0086cc    0x1  stm8s_it.o [1]
  .near_func.text  ro code  0x0086cd    0x1  stm8s_it.o [1]
  .near_func.text  ro code  0x0086ce    0x1  stm8s_it.o [1]
  .near_func.text  ro code  0x0086cf    0x1  stm8s_it.o [1]
  .near_func.text  ro code  0x0086d0    0x1  stm8s_it.o [1]
  .near_func.text  ro code  0x0086d1    0x1  stm8s_it.o [1]
  .near_func.text  ro code  0x0086d2    0x1  stm8s_it.o [1]
  .near_func.text  ro code  0x0086d3    0x1  stm8s_it.o [1]
  .near_func.text  ro code  0x0086d4    0x1  stm8s_it.o [1]
  .near_func.text  ro code  0x0086d5    0x1  stm8s_it.o [1]
  .near_func.text  ro code  0x0086d6    0x1  stm8s_it.o [1]
  .near_func.text  ro code  0x0086d7    0x1  stm8s_it.o [1]
  .near_func.text  ro code  0x0086d8    0x1  stm8s_it.o [1]
  .near_func.text  ro code  0x0086d9    0x1  stm8s_it.o [1]
  .near_func.text  ro code  0x0086da    0x1  stm8s_it.o [1]
  .near_func.text  ro code  0x0086db    0x1  stm8s_it.o [1]
  .near_func.text  ro code  0x0086dc    0x1  __dbg_break.o [3]
                          - 0x0086dd  0x65d



*******************************************************************************
*** MODULE SUMMARY
***

    Module                 ro code  ro data  rw data
    ------                 -------  -------  -------
F:\Project\chargeBoxForStm8s\Debug\Obj: [1]
    bsp.o                      250
    delay.o                     47
    main.o                      37
    stm8s_adc1.o                96       50
    stm8s_clk.o                561       49
    stm8s_gpio.o               289       50
    stm8s_it.o                  20
    ------------------------------------------------
    Total:                   1 300      149

command line: [2]
    ------------------------------------------------
    Total:

dbgstm8smd.a: [3]
    __dbg_break.o                1
    __dbg_xxexit.o              20
    ------------------------------------------------
    Total:                      21

dlstm8smn.a: [4]
    cexit.o                      5
    cstartup.o                  19
    exit.o                       3
    init.o                      23
    interrupt.o                  3      128
    low_level_init.o             3
    unhandled_exception.o        3
    vreg_util.o                100
    vregs.o                                       16
    ------------------------------------------------
    Total:                     159      128       16

    Linker created                               256
----------------------------------------------------
    Grand Total:             1 480      277      272


*******************************************************************************
*** ENTRY LIST
***

Entry                      Address   Size  Type      Object
-----                      -------   ----  ----      ------
?b0                       0x000000         Data  Gb  vregs.o [4]
?b1                       0x000001         Data  Gb  vregs.o [4]
?b10                      0x00000a         Data  Gb  vregs.o [4]
?b11                      0x00000b         Data  Gb  vregs.o [4]
?b12                      0x00000c         Data  Gb  vregs.o [4]
?b13                      0x00000d         Data  Gb  vregs.o [4]
?b14                      0x00000e         Data  Gb  vregs.o [4]
?b15                      0x00000f         Data  Gb  vregs.o [4]
?b2                       0x000002         Data  Gb  vregs.o [4]
?b3                       0x000003         Data  Gb  vregs.o [4]
?b4                       0x000004         Data  Gb  vregs.o [4]
?b5                       0x000005         Data  Gb  vregs.o [4]
?b6                       0x000006         Data  Gb  vregs.o [4]
?b7                       0x000007         Data  Gb  vregs.o [4]
?b8                       0x000008         Data  Gb  vregs.o [4]
?b9                       0x000009         Data  Gb  vregs.o [4]
?e0                       0x000001         Data  Gb  vregs.o [4]
?e1                       0x000005         Data  Gb  vregs.o [4]
?e2                       0x000009         Data  Gb  vregs.o [4]
?e3                       0x00000d         Data  Gb  vregs.o [4]
?epilogue_l2              0x008468         Code  Gb  vreg_util.o [4]
?epilogue_l2_l3           0x008465         Code  Gb  vreg_util.o [4]
?l0                       0x000000         Data  Gb  vregs.o [4]
?l1                       0x000004         Data  Gb  vregs.o [4]
?l2                       0x000008         Data  Gb  vregs.o [4]
?l3                       0x00000c         Data  Gb  vregs.o [4]
?pop_l2                   0x008447         Code  Gb  vreg_util.o [4]
?pop_l3                   0x008452         Code  Gb  vreg_util.o [4]
?push_l2                  0x008420         Code  Gb  vreg_util.o [4]
?push_l3                  0x008425         Code  Gb  vreg_util.o [4]
?push_w4                  0x008408         Code  Gb  vreg_util.o [4]
?w0                       0x000000         Data  Gb  vregs.o [4]
?w1                       0x000002         Data  Gb  vregs.o [4]
?w2                       0x000004         Data  Gb  vregs.o [4]
?w3                       0x000006         Data  Gb  vregs.o [4]
?w4                       0x000008         Data  Gb  vregs.o [4]
?w5                       0x00000a         Data  Gb  vregs.o [4]
?w6                       0x00000c         Data  Gb  vregs.o [4]
?w7                       0x00000e         Data  Gb  vregs.o [4]
ADC1_Cmd                  0x0085a5   0x2f  Code  Gb  stm8s_adc1.o [1]
ADC1_DeInit               0x008574   0x31  Code  Gb  stm8s_adc1.o [1]
ADC1_IRQHandler           0x0086d9    0x1  Code  Gb  stm8s_it.o [1]
AWU_IRQHandler            0x0086ca    0x1  Code  Gb  stm8s_it.o [1]
CLK_ClockSwitchConfig     0x008080  0x133  Code  Gb  stm8s_clk.o [1]
CLK_DeInit                0x0084a9   0x36  Code  Gb  stm8s_clk.o [1]
CLK_HSIPrescalerConfig    0x00846c   0x3d  Code  Gb  stm8s_clk.o [1]
CLK_IRQHandler            0x0086cb    0x1  Code  Gb  stm8s_it.o [1]
CLK_SYSCLKConfig          0x00837d   0x8b  Code  Gb  stm8s_clk.o [1]
CSTACK$$Base              0x000300          --   Gb  - Linker created -
CSTACK$$Limit             0x000400          --   Gb  - Linker created -
EEPROM_EEC_IRQHandler     0x0086db    0x1  Code  Gb  stm8s_it.o [1]
EXTI_PORTA_IRQHandler     0x0086cc    0x1  Code  Gb  stm8s_it.o [1]
EXTI_PORTB_IRQHandler     0x0086cd    0x1  Code  Gb  stm8s_it.o [1]
EXTI_PORTC_IRQHandler     0x0086ce    0x1  Code  Gb  stm8s_it.o [1]
EXTI_PORTD_IRQHandler     0x0086cf    0x1  Code  Gb  stm8s_it.o [1]
EXTI_PORTE_IRQHandler     0x0086d0    0x1  Code  Gb  stm8s_it.o [1]
GPIO_Init                 0x0081b3  0x112  Code  Gb  stm8s_gpio.o [1]
GPIO_WriteHigh            0x0086ae    0x7  Code  Gb  stm8s_gpio.o [1]
GPIO_WriteLow             0x0086a6    0x8  Code  Gb  stm8s_gpio.o [1]
I2C_IRQHandler            0x0086d8    0x1  Code  Gb  stm8s_it.o [1]
INTVEC$$Base              0x008000          --   Gb  - Linker created -
INTVEC$$Limit             0x008080          --   Gb  - Linker created -
Region$$Table$$Base     0x00000000          --   Gb  - Linker created -
Region$$Table$$Limit    0x00000000          --   Gb  - Linker created -
SPI_IRQHandler            0x0086d1    0x1  Code  Gb  stm8s_it.o [1]
TIM1_CAP_COM_IRQHandler
                          0x0086d3    0x1  Code  Gb  stm8s_it.o [1]
TIM1_UPD_OVF_TRG_BRK_IRQHandler
                          0x0086d2    0x1  Code  Gb  stm8s_it.o [1]
TIM2_CAP_COM_IRQHandler
                          0x0086d5    0x1  Code  Gb  stm8s_it.o [1]
TIM2_UPD_OVF_BRK_IRQHandler
                          0x0086d4    0x1  Code  Gb  stm8s_it.o [1]
TIM4_UPD_OVF_IRQHandler
                          0x0086da    0x1  Code  Gb  stm8s_it.o [1]
TLI_IRQHandler            0x0086c9    0x1  Code  Gb  stm8s_it.o [1]
TRAP_IRQHandler           0x0086c8    0x1  Code  Gb  stm8s_it.o [1]
UART1_RX_IRQHandler       0x0086d7    0x1  Code  Gb  stm8s_it.o [1]
UART1_TX_IRQHandler       0x0086d6    0x1  Code  Gb  stm8s_it.o [1]
__DebugBreak              0x0086dc    0x1  Code  Gb  __dbg_break.o [3]
__exit                    0x008676   0x14  Code  Gb  __dbg_xxexit.o [3]
__iar_data_init2          0x00865f   0x17  Code  Gb  init.o [4]
__iar_program_start       0x00868a         Code  Gb  cstartup.o [4]
__iar_unhandled_exception
                          0x0086c3         Code  Gb  unhandled_exception.o [4]
__intvec                  0x008000         Data  Gb  interrupt.o [4]
__low_level_init          0x0086bd    0x3  Code  Gb  low_level_init.o [4]
_exit                     0x0086b5         Code  Gb  cexit.o [4]
_interrupt_1              0x0086c8         Code  Gb  stm8s_it.o [1]
_interrupt_12             0x0086d1         Code  Gb  stm8s_it.o [1]
_interrupt_13             0x0086d2         Code  Gb  stm8s_it.o [1]
_interrupt_14             0x0086d3         Code  Gb  stm8s_it.o [1]
_interrupt_15             0x0086d4         Code  Gb  stm8s_it.o [1]
_interrupt_16             0x0086d5         Code  Gb  stm8s_it.o [1]
_interrupt_19             0x0086d6         Code  Gb  stm8s_it.o [1]
_interrupt_2              0x0086c9         Code  Gb  stm8s_it.o [1]
_interrupt_20             0x0086d7         Code  Gb  stm8s_it.o [1]
_interrupt_21             0x0086d8         Code  Gb  stm8s_it.o [1]
_interrupt_24             0x0086d9         Code  Gb  stm8s_it.o [1]
_interrupt_25             0x0086da         Code  Gb  stm8s_it.o [1]
_interrupt_26             0x0086db         Code  Gb  stm8s_it.o [1]
_interrupt_3              0x0086ca         Code  Gb  stm8s_it.o [1]
_interrupt_4              0x0086cb         Code  Gb  stm8s_it.o [1]
_interrupt_5              0x0086cc         Code  Gb  stm8s_it.o [1]
_interrupt_6              0x0086cd         Code  Gb  stm8s_it.o [1]
_interrupt_7              0x0086ce         Code  Gb  stm8s_it.o [1]
_interrupt_8              0x0086cf         Code  Gb  stm8s_it.o [1]
_interrupt_9              0x0086d0         Code  Gb  stm8s_it.o [1]
assert_failed             0x0086c6    0x2  Code  Gb  main.o [1]
delay_ms                  0x0085d4   0x26  Code  Gb  delay.o [1]
delay_us                  0x00869d    0x9  Code  Gb  delay.o [1]
exit                      0x0086c0    0x3  Code  Gb  exit.o [4]
main                      0x0085fa   0x23  Code  Gb  main.o [1]
setUSB1ALedSta            0x00863e   0x21  Code  Gb  bsp.o [1]
setUSB2ALedSta            0x00861d   0x21  Code  Gb  bsp.o [1]
sysInit                   0x0082c5   0xb8  Code  Gb  bsp.o [1]


[1] = F:\Project\chargeBoxForStm8s\Debug\Obj
[2] = command line
[3] = dbgstm8smd.a
[4] = dlstm8smn.a

  1 480 bytes of readonly  code memory
    277 bytes of readonly  data memory
    272 bytes of readwrite data memory

Errors: none
Warnings: none
